Auto-merging docs/optimizer.md
CONFLICT (content): Merge conflict in docs/optimizer.md
Auto-merging docs/spec.md
Auto-merging docs/wep-2026-05-31-const-object-globalization.md
Auto-merging wado-compiler/src/elaborator/method_call.rs
Auto-merging wado-compiler/src/elaborator/operators.rs
Auto-merging wado-compiler/src/niri.rs
Auto-merging wado-compiler/tests/generated/fixtures/array_append_collapse.wir.wado
CONFLICT (content): Merge conflict in wado-compiler/tests/generated/fixtures/array_append_collapse.wir.wado
Auto-merging wado-compiler/tests/generated/fixtures/array_bounds_elim_const.wir.wado
CONFLICT (content): Merge conflict in wado-compiler/tests/generated/fixtures/array_bounds_elim_const.wir.wado
Auto-merging wado-compiler/tests/generated/fixtures/array_bounds_elim_const_wir.wir.wado
CONFLICT (content): Merge conflict in wado-compiler/tests/generated/fixtures/array_bounds_elim_const_wir.wir.wado
Auto-merging wado-compiler/tests/generated/fixtures/array_f64.wir.wado
CONFLICT (content): Merge conflict in wado-compiler/tests/generated/fixtures/array_f64.wir.wado
Auto-merging wado-compiler/tests/generated/fixtures/array_index_1.wir.wado
CONFLICT (content): Merge conflict in wado-compiler/tests/generated/fixtures/array_index_1.wir.wado
Auto-merging wado-compiler/tests/generated/fixtures/array_large_literal_dynamic.wir.wado
CONFLICT (content): Merge conflict in wado-compiler/tests/generated/fixtures/array_large_literal_dynamic.wir.wado
Auto-merging wado-compiler/tests/generated/fixtures/array_literal_coerce_u8.wir.wado
CONFLICT (content): Merge conflict in wado-compiler/tests/generated/fixtures/array_literal_coerce_u8.wir.wado
Auto-merging wado-compiler/tests/generated/fixtures/array_literal_nir_materialize.wir.wado
CONFLICT (content): Merge conflict in wado-compiler/tests/generated/fixtures/array_literal_nir_materialize.wir.wado
Auto-merging wado-compiler/tests/generated/fixtures/array_new.wir.wado
CONFLICT (content): Merge conflict in wado-compiler/tests/generated/fixtures/array_new.wir.wado
Auto-merging wado-compiler/tests/generated/fixtures/array_specialized.wir.wado
CONFLICT (content): Merge conflict in wado-compiler/tests/generated/fixtures/array_specialized.wir.wado
Auto-merging wado-compiler/tests/generated/fixtures/array_type_annotation.wir.wado
CONFLICT (content): Merge conflict in wado-compiler/tests/generated/fixtures/array_type_annotation.wir.wado
Auto-merging wado-compiler/tests/generated/fixtures/assert_fail_template.wir.wado
CONFLICT (content): Merge conflict in wado-compiler/tests/generated/fixtures/assert_fail_template.wir.wado
Auto-merging wado-compiler/tests/generated/fixtures/assert_inspect_float.wir.wado
CONFLICT (content): Merge conflict in wado-compiler/tests/generated/fixtures/assert_inspect_float.wir.wado
Auto-merging wado-compiler/tests/generated/fixtures/assert_inspect_float_precision.wir.wado
CONFLICT (content): Merge conflict in wado-compiler/tests/generated/fixtures/assert_inspect_float_precision.wir.wado
Auto-merging wado-compiler/tests/generated/fixtures/cm_component_import_catalog.wir.wado
CONFLICT (content): Merge conflict in wado-compiler/tests/generated/fixtures/cm_component_import_catalog.wir.wado
Auto-merging wado-compiler/tests/generated/fixtures/cm_export_variant_return.wir.wado
CONFLICT (content): Merge conflict in wado-compiler/tests/generated/fixtures/cm_export_variant_return.wir.wado
Auto-merging wado-compiler/tests/generated/fixtures/cm_future_f32.wir.wado
CONFLICT (content): Merge conflict in wado-compiler/tests/generated/fixtures/cm_future_f32.wir.wado
Auto-merging wado-compiler/tests/generated/fixtures/coerce_branch_literal.wir.wado
CONFLICT (content): Merge conflict in wado-compiler/tests/generated/fixtures/coerce_branch_literal.wir.wado
Auto-merging wado-compiler/tests/generated/fixtures/coerce_float.wir.wado
CONFLICT (content): Merge conflict in wado-compiler/tests/generated/fixtures/coerce_float.wir.wado
Auto-merging wado-compiler/tests/generated/fixtures/coerce_float_literal_args.wir.wado
CONFLICT (content): Merge conflict in wado-compiler/tests/generated/fixtures/coerce_float_literal_args.wir.wado
Auto-merging wado-compiler/tests/generated/fixtures/coerce_float_literal_let.wir.wado
CONFLICT (content): Merge conflict in wado-compiler/tests/generated/fixtures/coerce_float_literal_let.wir.wado
Auto-merging wado-compiler/tests/generated/fixtures/coerce_float_literal_return.wir.wado
CONFLICT (content): Merge conflict in wado-compiler/tests/generated/fixtures/coerce_float_literal_return.wir.wado
Auto-merging wado-compiler/tests/generated/fixtures/compound_assign_side_effects.wir.wado
CONFLICT (content): Merge conflict in wado-compiler/tests/generated/fixtures/compound_assign_side_effects.wir.wado
Auto-merging wado-compiler/tests/generated/fixtures/const_global_entry.wir.wado
CONFLICT (content): Merge conflict in wado-compiler/tests/generated/fixtures/const_global_entry.wir.wado
Auto-merging wado-compiler/tests/generated/fixtures/const_global_object.wir.wado
CONFLICT (content): Merge conflict in wado-compiler/tests/generated/fixtures/const_global_object.wir.wado
Auto-merging wado-compiler/tests/generated/fixtures/default_trait.wir.wado
CONFLICT (content): Merge conflict in wado-compiler/tests/generated/fixtures/default_trait.wir.wado
Auto-merging wado-compiler/tests/generated/fixtures/default_type_param_forwarded.wir.wado
CONFLICT (content): Merge conflict in wado-compiler/tests/generated/fixtures/default_type_param_forwarded.wir.wado
Auto-merging wado-compiler/tests/generated/fixtures/default_type_param_serde.wir.wado
CONFLICT (content): Merge conflict in wado-compiler/tests/generated/fixtures/default_type_param_serde.wir.wado
Auto-merging wado-compiler/tests/generated/fixtures/display_1.wir.wado
CONFLICT (content): Merge conflict in wado-compiler/tests/generated/fixtures/display_1.wir.wado
Auto-merging wado-compiler/tests/generated/fixtures/display_2.wir.wado
CONFLICT (content): Merge conflict in wado-compiler/tests/generated/fixtures/display_2.wir.wado
Auto-merging wado-compiler/tests/generated/fixtures/display_newtype_display_inheritance.wir.wado
CONFLICT (content): Merge conflict in wado-compiler/tests/generated/fixtures/display_newtype_display_inheritance.wir.wado
Auto-merging wado-compiler/tests/generated/fixtures/eq_ord_explicit_request.wir.wado
CONFLICT (content): Merge conflict in wado-compiler/tests/generated/fixtures/eq_ord_explicit_request.wir.wado
Auto-merging wado-compiler/tests/generated/fixtures/float_to_string.wir.wado
CONFLICT (content): Merge conflict in wado-compiler/tests/generated/fixtures/float_to_string.wir.wado
Auto-merging wado-compiler/tests/generated/fixtures/format_traits_on_bound_bounds.wir.wado
CONFLICT (content): Merge conflict in wado-compiler/tests/generated/fixtures/format_traits_on_bound_bounds.wir.wado
Auto-merging wado-compiler/tests/generated/fixtures/generic_function_merged.wir.wado
CONFLICT (content): Merge conflict in wado-compiler/tests/generated/fixtures/generic_function_merged.wir.wado
Auto-merging wado-compiler/tests/generated/fixtures/generic_method_merged.wir.wado
CONFLICT (content): Merge conflict in wado-compiler/tests/generated/fixtures/generic_method_merged.wir.wado
Auto-merging wado-compiler/tests/generated/fixtures/generic_struct_1.wir.wado
CONFLICT (content): Merge conflict in wado-compiler/tests/generated/fixtures/generic_struct_1.wir.wado
Auto-merging wado-compiler/tests/generated/fixtures/global_1.wir.wado
CONFLICT (content): Merge conflict in wado-compiler/tests/generated/fixtures/global_1.wir.wado
Auto-merging wado-compiler/tests/generated/fixtures/global_2.wir.wado
CONFLICT (content): Merge conflict in wado-compiler/tests/generated/fixtures/global_2.wir.wado
Auto-merging wado-compiler/tests/generated/fixtures/global_const_arithmetic_init.wir.wado
CONFLICT (content): Merge conflict in wado-compiler/tests/generated/fixtures/global_const_arithmetic_init.wir.wado
Auto-merging wado-compiler/tests/generated/fixtures/global_multimod_same_name.wir.wado
CONFLICT (content): Merge conflict in wado-compiler/tests/generated/fixtures/global_multimod_same_name.wir.wado
Auto-merging wado-compiler/tests/generated/fixtures/httpbin_404.wir.wado
CONFLICT (content): Merge conflict in wado-compiler/tests/generated/fixtures/httpbin_404.wir.wado
Auto-merging wado-compiler/tests/generated/fixtures/httpbin_405.wir.wado
CONFLICT (content): Merge conflict in wado-compiler/tests/generated/fixtures/httpbin_405.wir.wado
Auto-merging wado-compiler/tests/generated/fixtures/httpbin_anything.wir.wado
CONFLICT (content): Merge conflict in wado-compiler/tests/generated/fixtures/httpbin_anything.wir.wado
Auto-merging wado-compiler/tests/generated/fixtures/httpbin_get.wir.wado
CONFLICT (content): Merge conflict in wado-compiler/tests/generated/fixtures/httpbin_get.wir.wado
Auto-merging wado-compiler/tests/generated/fixtures/httpbin_headers.wir.wado
CONFLICT (content): Merge conflict in wado-compiler/tests/generated/fixtures/httpbin_headers.wir.wado
Auto-merging wado-compiler/tests/generated/fixtures/httpbin_post.wir.wado
CONFLICT (content): Merge conflict in wado-compiler/tests/generated/fixtures/httpbin_post.wir.wado
Auto-merging wado-compiler/tests/generated/fixtures/httpbin_status.wir.wado
CONFLICT (content): Merge conflict in wado-compiler/tests/generated/fixtures/httpbin_status.wir.wado
Auto-merging wado-compiler/tests/generated/fixtures/index_assign.wir.wado
CONFLICT (content): Merge conflict in wado-compiler/tests/generated/fixtures/index_assign.wir.wado
Auto-merging wado-compiler/tests/generated/fixtures/index_assign_types.wir.wado
CONFLICT (content): Merge conflict in wado-compiler/tests/generated/fixtures/index_assign_types.wir.wado
Auto-merging wado-compiler/tests/generated/fixtures/index_trait_list_key.wir.wado
CONFLICT (content): Merge conflict in wado-compiler/tests/generated/fixtures/index_trait_list_key.wir.wado
Auto-merging wado-compiler/tests/generated/fixtures/inline_primitive_method.wir.wado
CONFLICT (content): Merge conflict in wado-compiler/tests/generated/fixtures/inline_primitive_method.wir.wado
Auto-merging wado-compiler/tests/generated/fixtures/inspect_1.wir.wado
CONFLICT (content): Merge conflict in wado-compiler/tests/generated/fixtures/inspect_1.wir.wado
Auto-merging wado-compiler/tests/generated/fixtures/inspect_3.wir.wado
CONFLICT (content): Merge conflict in wado-compiler/tests/generated/fixtures/inspect_3.wir.wado
Auto-merging wado-compiler/tests/generated/fixtures/int128_cast_to_primitives.wir.wado
CONFLICT (content): Merge conflict in wado-compiler/tests/generated/fixtures/int128_cast_to_primitives.wir.wado
Auto-merging wado-compiler/tests/generated/fixtures/internal_f64_to_string.wir.wado
CONFLICT (content): Merge conflict in wado-compiler/tests/generated/fixtures/internal_f64_to_string.wir.wado
Auto-merging wado-compiler/tests/generated/fixtures/key_value_literal_both_traits.wir.wado
CONFLICT (content): Merge conflict in wado-compiler/tests/generated/fixtures/key_value_literal_both_traits.wir.wado
Auto-merging wado-compiler/tests/generated/fixtures/local_merged.wir.wado
CONFLICT (content): Merge conflict in wado-compiler/tests/generated/fixtures/local_merged.wir.wado
Auto-merging wado-compiler/tests/generated/fixtures/match_2.wir.wado
CONFLICT (content): Merge conflict in wado-compiler/tests/generated/fixtures/match_2.wir.wado
Auto-merging wado-compiler/tests/generated/fixtures/match_nested_patterns.wir.wado
CONFLICT (content): Merge conflict in wado-compiler/tests/generated/fixtures/match_nested_patterns.wir.wado
Auto-merging wado-compiler/tests/generated/fixtures/match_or_pattern_2.wir.wado
CONFLICT (content): Merge conflict in wado-compiler/tests/generated/fixtures/match_or_pattern_2.wir.wado
Auto-merging wado-compiler/tests/generated/fixtures/match_or_pattern_iflet_1.wir.wado
CONFLICT (content): Merge conflict in wado-compiler/tests/generated/fixtures/match_or_pattern_iflet_1.wir.wado
Auto-merging wado-compiler/tests/generated/fixtures/match_variant_1.wir.wado
CONFLICT (content): Merge conflict in wado-compiler/tests/generated/fixtures/match_variant_1.wir.wado
Auto-merging wado-compiler/tests/generated/fixtures/match_variant_2.wir.wado
CONFLICT (content): Merge conflict in wado-compiler/tests/generated/fixtures/match_variant_2.wir.wado
Auto-merging wado-compiler/tests/generated/fixtures/match_variant_import.wir.wado
CONFLICT (content): Merge conflict in wado-compiler/tests/generated/fixtures/match_variant_import.wir.wado
Auto-merging wado-compiler/tests/generated/fixtures/match_variant_import_module.wir.wado
CONFLICT (content): Merge conflict in wado-compiler/tests/generated/fixtures/match_variant_import_module.wir.wado
Auto-merging wado-compiler/tests/generated/fixtures/mixed_int_float_arithmetic.wir.wado
CONFLICT (content): Merge conflict in wado-compiler/tests/generated/fixtures/mixed_int_float_arithmetic.wir.wado
Auto-merging wado-compiler/tests/generated/fixtures/mut_param.wir.wado
CONFLICT (content): Merge conflict in wado-compiler/tests/generated/fixtures/mut_param.wir.wado
Auto-merging wado-compiler/tests/generated/fixtures/mut_param_merged.wir.wado
CONFLICT (content): Merge conflict in wado-compiler/tests/generated/fixtures/mut_param_merged.wir.wado
Auto-merging wado-compiler/tests/generated/fixtures/namespace_import_enum.wir.wado
CONFLICT (content): Merge conflict in wado-compiler/tests/generated/fixtures/namespace_import_enum.wir.wado
Auto-merging wado-compiler/tests/generated/fixtures/namespace_import_patterns.wir.wado
CONFLICT (content): Merge conflict in wado-compiler/tests/generated/fixtures/namespace_import_patterns.wir.wado
Auto-merging wado-compiler/tests/generated/fixtures/newtype_basic.wir.wado
CONFLICT (content): Merge conflict in wado-compiler/tests/generated/fixtures/newtype_basic.wir.wado
Auto-merging wado-compiler/tests/generated/fixtures/newtype_format.wir.wado
CONFLICT (content): Merge conflict in wado-compiler/tests/generated/fixtures/newtype_format.wir.wado
Auto-merging wado-compiler/tests/generated/fixtures/newtype_impl.wir.wado
CONFLICT (content): Merge conflict in wado-compiler/tests/generated/fixtures/newtype_impl.wir.wado
Auto-merging wado-compiler/tests/generated/fixtures/newtype_operator_trait.wir.wado
CONFLICT (content): Merge conflict in wado-compiler/tests/generated/fixtures/newtype_operator_trait.wir.wado
Auto-merging wado-compiler/tests/generated/fixtures/newtype_option_pattern.wir.wado
CONFLICT (content): Merge conflict in wado-compiler/tests/generated/fixtures/newtype_option_pattern.wir.wado
Auto-merging wado-compiler/tests/generated/fixtures/niri_list_literal_len_fold.wir.wado
CONFLICT (content): Merge conflict in wado-compiler/tests/generated/fixtures/niri_list_literal_len_fold.wir.wado
Auto-merging wado-compiler/tests/generated/fixtures/number_literal.wir.wado
CONFLICT (content): Merge conflict in wado-compiler/tests/generated/fixtures/number_literal.wir.wado
Auto-merging wado-compiler/tests/generated/fixtures/opt_bce_const_global_clamped_index.wir.wado
CONFLICT (content): Merge conflict in wado-compiler/tests/generated/fixtures/opt_bce_const_global_clamped_index.wir.wado
Auto-merging wado-compiler/tests/generated/fixtures/opt_const.wir.wado
CONFLICT (content): Merge conflict in wado-compiler/tests/generated/fixtures/opt_const.wir.wado
Auto-merging wado-compiler/tests/generated/fixtures/opt_copy_prop_nested_variant.wir.wado
CONFLICT (content): Merge conflict in wado-compiler/tests/generated/fixtures/opt_copy_prop_nested_variant.wir.wado
Auto-merging wado-compiler/tests/generated/fixtures/opt_crossmod_array.wir.wado
CONFLICT (content): Merge conflict in wado-compiler/tests/generated/fixtures/opt_crossmod_array.wir.wado
Auto-merging wado-compiler/tests/generated/fixtures/opt_large_seq_literal_compile.wir.wado
CONFLICT (content): Merge conflict in wado-compiler/tests/generated/fixtures/opt_large_seq_literal_compile.wir.wado
Auto-merging wado-compiler/tests/generated/fixtures/opt_multi_value_fpfmt_format_result.wir.wado
CONFLICT (content): Merge conflict in wado-compiler/tests/generated/fixtures/opt_multi_value_fpfmt_format_result.wir.wado
Auto-merging wado-compiler/tests/generated/fixtures/opt_sroa.wir.wado
CONFLICT (content): Merge conflict in wado-compiler/tests/generated/fixtures/opt_sroa.wir.wado
Auto-merging wado-compiler/tests/generated/fixtures/opt_sroa_box_parameter.wir.wado
CONFLICT (content): Merge conflict in wado-compiler/tests/generated/fixtures/opt_sroa_box_parameter.wir.wado
Auto-merging wado-compiler/tests/generated/fixtures/opt_sroa_edge_cases.wir.wado
CONFLICT (content): Merge conflict in wado-compiler/tests/generated/fixtures/opt_sroa_edge_cases.wir.wado
Auto-merging wado-compiler/tests/generated/fixtures/opt_sroa_newtype_param.wir.wado
CONFLICT (content): Merge conflict in wado-compiler/tests/generated/fixtures/opt_sroa_newtype_param.wir.wado
Auto-merging wado-compiler/tests/generated/fixtures/opt_sroa_single_field.wir.wado
CONFLICT (content): Merge conflict in wado-compiler/tests/generated/fixtures/opt_sroa_single_field.wir.wado
Auto-merging wado-compiler/tests/generated/fixtures/opt_sroa_variant_br_exit.wir.wado
CONFLICT (content): Merge conflict in wado-compiler/tests/generated/fixtures/opt_sroa_variant_br_exit.wir.wado
Auto-merging wado-compiler/tests/generated/fixtures/opt_wir_dead_if_zero.wir.wado
CONFLICT (content): Merge conflict in wado-compiler/tests/generated/fixtures/opt_wir_dead_if_zero.wir.wado
Auto-merging wado-compiler/tests/generated/fixtures/param_1.wir.wado
CONFLICT (content): Merge conflict in wado-compiler/tests/generated/fixtures/param_1.wir.wado
Auto-merging wado-compiler/tests/generated/fixtures/precedence_merged.wir.wado
CONFLICT (content): Merge conflict in wado-compiler/tests/generated/fixtures/precedence_merged.wir.wado
Auto-merging wado-compiler/tests/generated/fixtures/primitive_arithmetic.wir.wado
CONFLICT (content): Merge conflict in wado-compiler/tests/generated/fixtures/primitive_arithmetic.wir.wado
Auto-merging wado-compiler/tests/generated/fixtures/ref_1.wir.wado
CONFLICT (content): Merge conflict in wado-compiler/tests/generated/fixtures/ref_1.wir.wado
Auto-merging wado-compiler/tests/generated/fixtures/reflect_variant_derive.wir.wado
CONFLICT (content): Merge conflict in wado-compiler/tests/generated/fixtures/reflect_variant_derive.wir.wado
Auto-merging wado-compiler/tests/generated/fixtures/reflect_variant_inspect_proof.wir.wado
CONFLICT (content): Merge conflict in wado-compiler/tests/generated/fixtures/reflect_variant_inspect_proof.wir.wado
Auto-merging wado-compiler/tests/generated/fixtures/reflect_variant_members.wir.wado
CONFLICT (content): Merge conflict in wado-compiler/tests/generated/fixtures/reflect_variant_members.wir.wado
Auto-merging wado-compiler/tests/generated/fixtures/select_extended_arms.wir.wado
CONFLICT (content): Merge conflict in wado-compiler/tests/generated/fixtures/select_extended_arms.wir.wado
Auto-merging wado-compiler/tests/generated/fixtures/sequence_literal_newtype.wir.wado
CONFLICT (content): Merge conflict in wado-compiler/tests/generated/fixtures/sequence_literal_newtype.wir.wado
Auto-merging wado-compiler/tests/generated/fixtures/serde_bound_driven.wir.wado
CONFLICT (content): Merge conflict in wado-compiler/tests/generated/fixtures/serde_bound_driven.wir.wado
Auto-merging wado-compiler/tests/generated/fixtures/serde_full_json_serialize.wir.wado
CONFLICT (content): Merge conflict in wado-compiler/tests/generated/fixtures/serde_full_json_serialize.wir.wado
Auto-merging wado-compiler/tests/generated/fixtures/serde_json_deser_error_edge.wir.wado
CONFLICT (content): Merge conflict in wado-compiler/tests/generated/fixtures/serde_json_deser_error_edge.wir.wado
Auto-merging wado-compiler/tests/generated/fixtures/serde_json_duplicate_fields.wir.wado
CONFLICT (content): Merge conflict in wado-compiler/tests/generated/fixtures/serde_json_duplicate_fields.wir.wado
Auto-merging wado-compiler/tests/generated/fixtures/serde_json_nested_struct.wir.wado
CONFLICT (content): Merge conflict in wado-compiler/tests/generated/fixtures/serde_json_nested_struct.wir.wado
Auto-merging wado-compiler/tests/generated/fixtures/serde_json_primitives.wir.wado
CONFLICT (content): Merge conflict in wado-compiler/tests/generated/fixtures/serde_json_primitives.wir.wado
Auto-merging wado-compiler/tests/generated/fixtures/serde_json_roundtrip_complex.wir.wado
CONFLICT (content): Merge conflict in wado-compiler/tests/generated/fixtures/serde_json_roundtrip_complex.wir.wado
Auto-merging wado-compiler/tests/generated/fixtures/serde_json_scientific_notation.wir.wado
CONFLICT (content): Merge conflict in wado-compiler/tests/generated/fixtures/serde_json_scientific_notation.wir.wado
Auto-merging wado-compiler/tests/generated/fixtures/serde_json_ser_error.wir.wado
CONFLICT (content): Merge conflict in wado-compiler/tests/generated/fixtures/serde_json_ser_error.wir.wado
Auto-merging wado-compiler/tests/generated/fixtures/serde_json_synth_variant.wir.wado
CONFLICT (content): Merge conflict in wado-compiler/tests/generated/fixtures/serde_json_synth_variant.wir.wado
Auto-merging wado-compiler/tests/generated/fixtures/serde_json_tuple.wir.wado
CONFLICT (content): Merge conflict in wado-compiler/tests/generated/fixtures/serde_json_tuple.wir.wado
Auto-merging wado-compiler/tests/generated/fixtures/serde_json_unknown_fields.wir.wado
CONFLICT (content): Merge conflict in wado-compiler/tests/generated/fixtures/serde_json_unknown_fields.wir.wado
Auto-merging wado-compiler/tests/generated/fixtures/serde_serialize_variant.wir.wado
CONFLICT (content): Merge conflict in wado-compiler/tests/generated/fixtures/serde_serialize_variant.wir.wado
Auto-merging wado-compiler/tests/generated/fixtures/serde_synth.wir.wado
CONFLICT (content): Merge conflict in wado-compiler/tests/generated/fixtures/serde_synth.wir.wado
Auto-merging wado-compiler/tests/generated/fixtures/simd_basic.wir.wado
CONFLICT (content): Merge conflict in wado-compiler/tests/generated/fixtures/simd_basic.wir.wado
Auto-merging wado-compiler/tests/generated/fixtures/struct_default_foreign_module_astid.wir.wado
CONFLICT (content): Merge conflict in wado-compiler/tests/generated/fixtures/struct_default_foreign_module_astid.wir.wado
Auto-merging wado-compiler/tests/generated/fixtures/struct_eq_auto_user_override.wir.wado
CONFLICT (content): Merge conflict in wado-compiler/tests/generated/fixtures/struct_eq_auto_user_override.wir.wado
Auto-merging wado-compiler/tests/generated/fixtures/template_string.wir.wado
CONFLICT (content): Merge conflict in wado-compiler/tests/generated/fixtures/template_string.wir.wado
Auto-merging wado-compiler/tests/generated/fixtures/tmpl_hoist_fmt_default.wir.wado
CONFLICT (content): Merge conflict in wado-compiler/tests/generated/fixtures/tmpl_hoist_fmt_default.wir.wado
Auto-merging wado-compiler/tests/generated/fixtures/tmpl_hoist_fmt_edge.wir.wado
CONFLICT (content): Merge conflict in wado-compiler/tests/generated/fixtures/tmpl_hoist_fmt_edge.wir.wado
Auto-merging wado-compiler/tests/generated/fixtures/tmpl_hoist_fmt_mixed.wir.wado
CONFLICT (content): Merge conflict in wado-compiler/tests/generated/fixtures/tmpl_hoist_fmt_mixed.wir.wado
Auto-merging wado-compiler/tests/generated/fixtures/tmpl_hoist_fmt_multi_default.wir.wado
CONFLICT (content): Merge conflict in wado-compiler/tests/generated/fixtures/tmpl_hoist_fmt_multi_default.wir.wado
Auto-merging wado-compiler/tests/generated/fixtures/tmpl_hoist_fmt_params.wir.wado
CONFLICT (content): Merge conflict in wado-compiler/tests/generated/fixtures/tmpl_hoist_fmt_params.wir.wado
Auto-merging wado-compiler/tests/generated/fixtures/tmpl_hoist_fmt_specifier.wir.wado
CONFLICT (content): Merge conflict in wado-compiler/tests/generated/fixtures/tmpl_hoist_fmt_specifier.wir.wado
Auto-merging wado-compiler/tests/generated/fixtures/tmpl_hoist_fmt_struct.wir.wado
CONFLICT (content): Merge conflict in wado-compiler/tests/generated/fixtures/tmpl_hoist_fmt_struct.wir.wado
Auto-merging wado-compiler/tests/generated/fixtures/tmpl_hoist_formatter.wir.wado
CONFLICT (content): Merge conflict in wado-compiler/tests/generated/fixtures/tmpl_hoist_formatter.wir.wado
Auto-merging wado-compiler/tests/generated/fixtures/trait_multiple.wir.wado
CONFLICT (content): Merge conflict in wado-compiler/tests/generated/fixtures/trait_multiple.wir.wado
Auto-merging wado-compiler/tests/generated/fixtures/tuple_for_of.wir.wado
CONFLICT (content): Merge conflict in wado-compiler/tests/generated/fixtures/tuple_for_of.wir.wado
Auto-merging wado-compiler/tests/generated/fixtures/type_cast.wir.wado
CONFLICT (content): Merge conflict in wado-compiler/tests/generated/fixtures/type_cast.wir.wado
Auto-merging wado-compiler/tests/generated/fixtures/unary_neg_float.wir.wado
CONFLICT (content): Merge conflict in wado-compiler/tests/generated/fixtures/unary_neg_float.wir.wado
Auto-merging wado-compiler/tests/generated/fixtures/user_func.wir.wado
CONFLICT (content): Merge conflict in wado-compiler/tests/generated/fixtures/user_func.wir.wado
Auto-merging wado-compiler/tests/generated/fixtures/value_copy_array_get_mono.wir.wado
CONFLICT (content): Merge conflict in wado-compiler/tests/generated/fixtures/value_copy_array_get_mono.wir.wado
Auto-merging wado-compiler/tests/generated/fixtures/value_semantics.wir.wado
CONFLICT (content): Merge conflict in wado-compiler/tests/generated/fixtures/value_semantics.wir.wado
Auto-merging wado-compiler/tests/generated/fixtures/var_uninit_valid.wir.wado
CONFLICT (content): Merge conflict in wado-compiler/tests/generated/fixtures/var_uninit_valid.wir.wado
Auto-merging wado-compiler/tests/generated/fixtures/variadic_2.wir.wado
CONFLICT (content): Merge conflict in wado-compiler/tests/generated/fixtures/variadic_2.wir.wado
Auto-merging wado-compiler/tests/generated/fixtures/variadic_3.wir.wado
CONFLICT (content): Merge conflict in wado-compiler/tests/generated/fixtures/variadic_3.wir.wado
Auto-merging wado-compiler/tests/generated/fixtures/variant_if_let_basic.wir.wado
CONFLICT (content): Merge conflict in wado-compiler/tests/generated/fixtures/variant_if_let_basic.wir.wado
Auto-merging wado-compiler/tests/generated/fixtures/variant_qualified_pattern.wir.wado
CONFLICT (content): Merge conflict in wado-compiler/tests/generated/fixtures/variant_qualified_pattern.wir.wado
Auto-merging wado-compiler/tests/generated/fixtures/variant_value_semantics.wir.wado
CONFLICT (content): Merge conflict in wado-compiler/tests/generated/fixtures/variant_value_semantics.wir.wado
Auto-merging wado-compiler/tests/generated/fixtures/wasm_import_user_wasm.wir.wado
CONFLICT (content): Merge conflict in wado-compiler/tests/generated/fixtures/wasm_import_user_wasm.wir.wado
Auto-merging wado-compiler/tests/generated/fixtures/wasm_import_user_wat.wir.wado
CONFLICT (content): Merge conflict in wado-compiler/tests/generated/fixtures/wasm_import_user_wat.wir.wado
Auto-merging wado-compiler/tests/generated/fixtures/wasm_instructions_float_math.wir.wado
CONFLICT (content): Merge conflict in wado-compiler/tests/generated/fixtures/wasm_instructions_float_math.wir.wado
Auto-merging wado-compiler/tests/generated/fixtures/wasm_name_conflict_newtype.wir.wado
CONFLICT (content): Merge conflict in wado-compiler/tests/generated/fixtures/wasm_name_conflict_newtype.wir.wado
Auto-merging wado-compiler/tests/generated/fixtures/wasm_name_conflict_pub_use_alias.wir.wado
CONFLICT (content): Merge conflict in wado-compiler/tests/generated/fixtures/wasm_name_conflict_pub_use_alias.wir.wado
Automatic merge failed; fix conflicts and then commit the result.
