export const snapshot = {};

snapshot[`core wasi > arg_get 1`] = `""`;

snapshot[`core wasi > environ_get 1`] = `""`;

snapshot[`core wasi > fd_fdstat_get 1`] = `
"{fs_filetype: Unknown, fs_flags: FdFlags(0), fs_rights_base: Rights(64), fs_rights_inheriting: Rights(64)}
{fs_filetype: Directory, fs_flags: FdFlags(0), fs_rights_base: Rights(129498624), fs_rights_inheriting: Rights(267911167)}
"
`;

snapshot[`core wasi > fd_prestat_dir_name 1`] = `
"Accessing 3 got .
Accessing 4 got test
Error: Accessing 5 got Badf
"
`;

snapshot[`core wasi > fd_read 1`] = `"hello"`;

snapshot[`core wasi > fd_read 2`] = `"hello, this is a longer sentence, as a quick brown fox jumps ove"`;

snapshot[`core wasi > fd_readdir 1`] = `
'[". ~> Directory", ".. ~> Directory", "top.mbt ~> Regular_file", "moon.pkg.json ~> Regular_file", "pkg.generated.mbti ~> Regular_file"]
'
`;

snapshot[`core wasi > fd_write 1`] = `
"Hello
Size(6)"
`;

snapshot[`extensions > fs_exists 1`] = `
"true,false
"
`;

snapshot[`extensions > fs_can_read 1`] = `
"true,false
"
`;

snapshot[`extensions > fs_can_write 1`] = `
"true,false
"
`;

snapshot[`extensions > fs_can_execute 1`] = `
"true,false
"
`;

snapshot[`extensions > fs_chmod 1`] = `
"ok
"
`;

snapshot[`extensions > fs_atime 1`] = `
"ok
"
`;

snapshot[`extensions > fs_realpath 1`] = `
"fixtures/hello.txt
"
`;

snapshot[`extensions > fs_kind 1`] = `
"file=Regular,dir=Directory
"
`;

snapshot[`extensions > fs_readdir 1`] = `
'["walk", "hello.txt"]
'
`;

snapshot[`extensions > fs_walk 1`] = `
"fixtures/walk/a
fixtures/walk/a/b
fixtures/walk/root.txt
fixtures/walk/a/one.txt
fixtures/walk/a/b/two.txt
"
`;

snapshot[`extensions > fs_read_text 1`] = `
"hello from fs
"
`;
