    Blocking waiting for file lock on build directory
   Compiling wado-compiler v0.0.24 (/home/user/wado/wado-compiler)
warning: unused variable: `resolved`
    --> wado-compiler/src/tir.rs:2128:23
     |
2128 |         for (type_id, resolved) in self.all_types() {
     |                       ^^^^^^^^ help: if this is intentional, prefix it with an underscore: `_resolved`
     |
     = note: `#[warn(unused_variables)]` (part of `#[warn(unused)]`) on by default

warning: unused variable: `resolved`
    --> wado-compiler/src/tir.rs:2166:23
     |
2166 |         for (type_id, resolved) in self.all_types() {
     |                       ^^^^^^^^ help: if this is intentional, prefix it with an underscore: `_resolved`

warning: unused variable: `module_source`
    --> wado-compiler/src/tir.rs:2907:21
     |
2907 |                 let module_source = self.def_module(def).clone();
     |                     ^^^^^^^^^^^^^ help: if this is intentional, prefix it with an underscore: `_module_source`

warning: unused variable: `name`
   --> wado-compiler/src/wir_build/context.rs:847:21
    |
847 |                 let name = &type_table.def_name(*def).to_string();
    |                     ^^^^ help: if this is intentional, prefix it with an underscore: `_name`

warning: unused variable: `module_source`
   --> wado-compiler/src/wir_build/context.rs:848:21
    |
848 |                 let module_source = &type_table.def_module(*def).clone();
    |                     ^^^^^^^^^^^^^ help: if this is intentional, prefix it with an underscore: `_module_source`

warning: field `name` is never read
  --> wado-compiler/src/elaborator/types.rs:98:16
   |
93 | pub(crate) struct EnumInfo {
   |                   -------- field in this struct
...
98 |     pub(super) name: String,
   |                ^^^^
   |
   = note: `EnumInfo` has a derived impl for the trait `Clone`, but this is intentionally ignored during dead code analysis
   = note: `#[warn(dead_code)]` (part of `#[warn(unused)]`) on by default

   Compiling wado-lsp v0.0.24 (/home/user/wado/wado-lsp)
   Compiling wado-cli v0.0.24 (/home/user/wado/wado-cli)
