   Compiling wado-compiler v0.0.24 (/home/user/wado/wado-compiler)
   Compiling wado-lsp v0.0.24 (/home/user/wado/wado-lsp)
   Compiling wado-cli v0.0.24 (/home/user/wado/wado-cli)
    Finished `test` profile [unoptimized + debuginfo] target(s) in 2m 10s
     Running tests/integration/main.rs (target/debug/deps/integration-d1a40cf28f04e185)

running 2 tests
test gale_cli::gale_gen_highlight_emits_highlight_function ... FAILED
test gale_cli::gale_gen_calculator_emits_generated_parser ... FAILED

failures:

---- gale_cli::gale_gen_highlight_emits_highlight_function stdout ----

thread 'gale_cli::gale_gen_highlight_emits_highlight_function' (30354) panicked at wado-cli/tests/integration/gale_cli.rs:43:10:
Unexpected failure.
code=101
stderr=``````

thread \'main\' (30355) panicked at wado-compiler/src/lower/translate.rs:209:5:
a call minted an extern stub for a name the package defines: [
    \"Free(FreeFunctionName { module_source: Core { name: InternedStr(\\\"prelude/types.wado\\\") }, name: \\\"[char,char]^core:prelude/traits.wado/InspectAlt::inspect_alt\\\", base_name: None }) vs defined Free(FreeFunctionName { module_source: Core { name: InternedStr(\\\"prelude/tuple.wado\\\") }, name: \\\"[char,char]^core:prelude/traits.wado/InspectAlt::inspect_alt\\\", base_name: None })\",
    \"Free(FreeFunctionName { module_source: Core { name: InternedStr(\\\"prelude/types.wado\\\") }, name: \\\"[core:prelude/string.wado/String,core:prelude/string.wado/String]^core:prelude/traits.wado/InspectAlt::inspect_alt\\\", base_name: None }) vs defined Free(FreeFunctionName { module_source: Core { name: InternedStr(\\\"prelude/tuple.wado\\\") }, name: \\\"[core:prelude/string.wado/String,core:prelude/string.wado/String]^core:prelude/traits.wado/InspectAlt::inspect_alt\\\", base_name: None })\",
]
stack backtrace:
   0: __rustc::rust_begin_unwind
             at /rustc/8bab26f4f68e0e26f0bb7960be334d5b520ea452/library/std/src/panicking.rs:689:5
   1: core::panicking::panic_fmt
             at /rustc/8bab26f4f68e0e26f0bb7960be334d5b520ea452/library/core/src/panicking.rs:80:14
   2: translate
             at ./wado-compiler/src/lower/translate.rs:209:5
   3: lower
             at ./wado-compiler/src/lower.rs:34:8
   4: compile_after_load<wado_cli::compiler_host::FilesystemCompilerHost>
             at ./wado-compiler/src/lib.rs:1523:9
   5: {async_fn#0}<wado_cli::compiler_host::FilesystemCompilerHost>
             at ./wado-compiler/src/lib.rs:792:18
   6: {async_fn#0}
             at ./wado-cli/src/compile.rs:632:10
   7: {async_fn#0}
             at ./wado-cli/src/compile.rs:538:10
   8: {async_fn#0}
             at ./wado-cli/src/compile.rs:1324:10
   9: {async_fn#0}
             at ./wado-cli/src/build.rs:456:40
  10: {async_fn#0}
             at ./wado-cli/src/build.rs:481:14
  11: {async_fn#0}
             at ./wado-cli/src/run.rs:400:14
  12: poll<alloc::boxed::Box<wado_cli::run::run::{async_fn_env#0}, alloc::alloc::Global>>
             at /rustc/8bab26f4f68e0e26f0bb7960be334d5b520ea452/library/core/src/future/future.rs:133:9
  13: {async_fn#0}
             at ./wado-cli/src/main.rs:251:56
  14: {async_fn#0}
             at ./wado-cli/src/main.rs:181:22
  15: {closure#0}<wado::async_main::{async_fn_env#0}>
             at /root/.cargo/registry/src/index.crates.io-1949cf8c6b5b557f/tokio-1.53.1/src/runtime/park.rs:284:71
  16: with_budget<core::task::poll::Poll<wado_cli::args::CliExit>, tokio::runtime::park::{impl#4}::block_on::{closure_env#0}<wado::async_main::{async_fn_env#0}>>
             at /root/.cargo/registry/src/index.crates.io-1949cf8c6b5b557f/tokio-1.53.1/src/task/coop/mod.rs:167:5
  17: budget<core::task::poll::Poll<wado_cli::args::CliExit>, tokio::runtime::park::{impl#4}::block_on::{closure_env#0}<wado::async_main::{async_fn_env#0}>>
             at /root/.cargo/registry/src/index.crates.io-1949cf8c6b5b557f/tokio-1.53.1/src/task/coop/mod.rs:133:5
  18: block_on<wado::async_main::{async_fn_env#0}>
             at /root/.cargo/registry/src/index.crates.io-1949cf8c6b5b557f/tokio-1.53.1/src/runtime/park.rs:284:31
  19: block_on<wado::async_main::{async_fn_env#0}>
             at /root/.cargo/registry/src/index.crates.io-1949cf8c6b5b557f/tokio-1.53.1/src/runtime/context/blocking.rs:66:14
  20: {closure#0}<wado::async_main::{async_fn_env#0}>
             at /root/.cargo/registry/src/index.crates.io-1949cf8c6b5b557f/tokio-1.53.1/src/runtime/scheduler/multi_thread/mod.rs:92:22
  21: tokio::runtime::context::runtime::enter_runtime::<<tokio::runtime::scheduler::multi_thread::MultiThread>::block_on<wado::async_main::{closure#0}>::{closure#0}, wado_cli::args::CliExit>
             at /root/.cargo/registry/src/index.crates.io-1949cf8c6b5b557f/tokio-1.53.1/src/runtime/context/runtime.rs:65:16
  22: block_on<wado::async_main::{async_fn_env#0}>
             at /root/.cargo/registry/src/index.crates.io-1949cf8c6b5b557f/tokio-1.53.1/src/runtime/scheduler/multi_thread/mod.rs:91:9
  23: block_on_inner<wado::async_main::{async_fn_env#0}>
             at /root/.cargo/registry/src/index.crates.io-1949cf8c6b5b557f/tokio-1.53.1/src/runtime/runtime.rs:376:50
  24: block_on<wado::async_main::{async_fn_env#0}>
             at /root/.cargo/registry/src/index.crates.io-1949cf8c6b5b557f/tokio-1.53.1/src/runtime/runtime.rs:343:18
  25: wado::main
             at ./wado-cli/src/main.rs:176:27
  26: <fn() as core::ops::function::FnOnce<()>>::call_once
             at /rustc/8bab26f4f68e0e26f0bb7960be334d5b520ea452/library/core/src/ops/function.rs:250:5
note: Some details are omitted, run with `RUST_BACKTRACE=full` for a verbose backtrace.
```
```
command=`cd "/home/user/wado" && "/home/user/wado/target/debug/wado" "run" "package-gale/src/main.wado" "gen" "package-gale/tests/grammars/calculator.g4" "package-gale/tests/grammars/calculator.highlights.scm"`
code=101
stdout=""
stderr=```

thread \'main\' (30355) panicked at wado-compiler/src/lower/translate.rs:209:5:
a call minted an extern stub for a name the package defines: [
    \"Free(FreeFunctionName { module_source: Core { name: InternedStr(\\\"prelude/types.wado\\\") }, name: \\\"[char,char]^core:prelude/traits.wado/InspectAlt::inspect_alt\\\", base_name: None }) vs defined Free(FreeFunctionName { module_source: Core { name: InternedStr(\\\"prelude/tuple.wado\\\") }, name: \\\"[char,char]^core:prelude/traits.wado/InspectAlt::inspect_alt\\\", base_name: None })\",
    \"Free(FreeFunctionName { module_source: Core { name: InternedStr(\\\"prelude/types.wado\\\") }, name: \\\"[core:prelude/string.wado/String,core:prelude/string.wado/String]^core:prelude/traits.wado/InspectAlt::inspect_alt\\\", base_name: None }) vs defined Free(FreeFunctionName { module_source: Core { name: InternedStr(\\\"prelude/tuple.wado\\\") }, name: \\\"[core:prelude/string.wado/String,core:prelude/string.wado/String]^core:prelude/traits.wado/InspectAlt::inspect_alt\\\", base_name: None })\",
]
stack backtrace:
   0: __rustc::rust_begin_unwind
             at /rustc/8bab26f4f68e0e26f0bb7960be334d5b520ea452/library/std/src/panicking.rs:689:5
   1: core::panicking::panic_fmt
             at /rustc/8bab26f4f68e0e26f0bb7960be334d5b520ea452/library/core/src/panicking.rs:80:14
   2: translate
             at ./wado-compiler/src/lower/translate.rs:209:5
   3: lower
             at ./wado-compiler/src/lower.rs:34:8
   4: compile_after_load<wado_cli::compiler_host::FilesystemCompilerHost>
             at ./wado-compiler/src/lib.rs:1523:9
   5: {async_fn#0}<wado_cli::compiler_host::FilesystemCompilerHost>
             at ./wado-compiler/src/lib.rs:792:18
   6: {async_fn#0}
             at ./wado-cli/src/compile.rs:632:10
   7: {async_fn#0}
             at ./wado-cli/src/compile.rs:538:10
   8: {async_fn#0}
             at ./wado-cli/src/compile.rs:1324:10
   9: {async_fn#0}
             at ./wado-cli/src/build.rs:456:40
  10: {async_fn#0}
             at ./wado-cli/src/build.rs:481:14
  11: {async_fn#0}
             at ./wado-cli/src/run.rs:400:14
  12: poll<alloc::boxed::Box<wado_cli::run::run::{async_fn_env#0}, alloc::alloc::Global>>
             at /rustc/8bab26f4f68e0e26f0bb7960be334d5b520ea452/library/core/src/future/future.rs:133:9
  13: {async_fn#0}
             at ./wado-cli/src/main.rs:251:56
  14: {async_fn#0}
             at ./wado-cli/src/main.rs:181:22
  15: {closure#0}<wado::async_main::{async_fn_env#0}>
             at /root/.cargo/registry/src/index.crates.io-1949cf8c6b5b557f/tokio-1.53.1/src/runtime/park.rs:284:71
  16: with_budget<core::task::poll::Poll<wado_cli::args::CliExit>, tokio::runtime::park::{impl#4}::block_on::{closure_env#0}<wado::async_main::{async_fn_env#0}>>
             at /root/.cargo/registry/src/index.crates.io-1949cf8c6b5b557f/tokio-1.53.1/src/task/coop/mod.rs:167:5
  17: budget<core::task::poll::Poll<wado_cli::args::CliExit>, tokio::runtime::park::{impl#4}::block_on::{closure_env#0}<wado::async_main::{async_fn_env#0}>>
             at /root/.cargo/registry/src/index.crates.io-1949cf8c6b5b557f/tokio-1.53.1/src/task/coop/mod.rs:133:5
  18: block_on<wado::async_main::{async_fn_env#0}>
             at /root/.cargo/registry/src/index.crates.io-1949cf8c6b5b557f/tokio-1.53.1/src/runtime/park.rs:284:31
  19: block_on<wado::async_main::{async_fn_env#0}>
             at /root/.cargo/registry/src/index.crates.io-1949cf8c6b5b557f/tokio-1.53.1/src/runtime/context/blocking.rs:66:14
  20: {closure#0}<wado::async_main::{async_fn_env#0}>
             at /root/.cargo/registry/src/index.crates.io-1949cf8c6b5b557f/tokio-1.53.1/src/runtime/scheduler/multi_thread/mod.rs:92:22
  21: tokio::runtime::context::runtime::enter_runtime::<<tokio::runtime::scheduler::multi_thread::MultiThread>::block_on<wado::async_main::{closure#0}>::{closure#0}, wado_cli::args::CliExit>
             at /root/.cargo/registry/src/index.crates.io-1949cf8c6b5b557f/tokio-1.53.1/src/runtime/context/runtime.rs:65:16
  22: block_on<wado::async_main::{async_fn_env#0}>
             at /root/.cargo/registry/src/index.crates.io-1949cf8c6b5b557f/tokio-1.53.1/src/runtime/scheduler/multi_thread/mod.rs:91:9
  23: block_on_inner<wado::async_main::{async_fn_env#0}>
             at /root/.cargo/registry/src/index.crates.io-1949cf8c6b5b557f/tokio-1.53.1/src/runtime/runtime.rs:376:50
  24: block_on<wado::async_main::{async_fn_env#0}>
             at /root/.cargo/registry/src/index.crates.io-1949cf8c6b5b557f/tokio-1.53.1/src/runtime/runtime.rs:343:18
  25: wado::main
             at ./wado-cli/src/main.rs:176:27
  26: <fn() as core::ops::function::FnOnce<()>>::call_once
             at /rustc/8bab26f4f68e0e26f0bb7960be334d5b520ea452/library/core/src/ops/function.rs:250:5
note: Some details are omitted, run with `RUST_BACKTRACE=full` for a verbose backtrace.
```


stack backtrace:
   0: __rustc::rust_begin_unwind
             at /rustc/8bab26f4f68e0e26f0bb7960be334d5b520ea452/library/std/src/panicking.rs:689:5
   1: core::panicking::panic_fmt
             at /rustc/8bab26f4f68e0e26f0bb7960be334d5b520ea452/library/core/src/panicking.rs:80:14
   2: <assert_cmd::assert::AssertError>::panic::<assert_cmd::assert::Assert>
             at /rustc/8bab26f4f68e0e26f0bb7960be334d5b520ea452/library/core/src/panicking.rs:259:5
   3: <assert_cmd::assert::Assert>::success
             at /root/.cargo/registry/src/index.crates.io-1949cf8c6b5b557f/assert_cmd-2.2.2/src/assert.rs:165:25
   4: integration::gale_cli::gale_gen_highlight_emits_highlight_function
             at ./tests/integration/gale_cli.rs:43:10
   5: integration::gale_cli::gale_gen_highlight_emits_highlight_function::{closure#0}
             at ./tests/integration/gale_cli.rs:31:49
   6: <integration::gale_cli::gale_gen_highlight_emits_highlight_function::{closure#0} as core::ops::function::FnOnce<()>>::call_once
             at /rustc/8bab26f4f68e0e26f0bb7960be334d5b520ea452/library/core/src/ops/function.rs:250:5
   7: <fn() -> core::result::Result<(), alloc::string::String> as core::ops::function::FnOnce<()>>::call_once
             at /rustc/8bab26f4f68e0e26f0bb7960be334d5b520ea452/library/core/src/ops/function.rs:250:5
note: Some details are omitted, run with `RUST_BACKTRACE=full` for a verbose backtrace.

---- gale_cli::gale_gen_calculator_emits_generated_parser stdout ----

thread 'gale_cli::gale_gen_calculator_emits_generated_parser' (30353) panicked at wado-cli/tests/integration/gale_cli.rs:23:10:
Unexpected failure.
code=101
stderr=``````

thread \'main\' (30356) panicked at wado-compiler/src/lower/translate.rs:209:5:
a call minted an extern stub for a name the package defines: [
    \"Free(FreeFunctionName { module_source: Core { name: InternedStr(\\\"prelude/types.wado\\\") }, name: \\\"[char,char]^core:prelude/traits.wado/InspectAlt::inspect_alt\\\", base_name: None }) vs defined Free(FreeFunctionName { module_source: Core { name: InternedStr(\\\"prelude/tuple.wado\\\") }, name: \\\"[char,char]^core:prelude/traits.wado/InspectAlt::inspect_alt\\\", base_name: None })\",
    \"Free(FreeFunctionName { module_source: Core { name: InternedStr(\\\"prelude/types.wado\\\") }, name: \\\"[core:prelude/string.wado/String,core:prelude/string.wado/String]^core:prelude/traits.wado/InspectAlt::inspect_alt\\\", base_name: None }) vs defined Free(FreeFunctionName { module_source: Core { name: InternedStr(\\\"prelude/tuple.wado\\\") }, name: \\\"[core:prelude/string.wado/String,core:prelude/string.wado/String]^core:prelude/traits.wado/InspectAlt::inspect_alt\\\", base_name: None })\",
]
stack backtrace:
   0: __rustc::rust_begin_unwind
             at /rustc/8bab26f4f68e0e26f0bb7960be334d5b520ea452/library/std/src/panicking.rs:689:5
   1: core::panicking::panic_fmt
             at /rustc/8bab26f4f68e0e26f0bb7960be334d5b520ea452/library/core/src/panicking.rs:80:14
   2: translate
             at ./wado-compiler/src/lower/translate.rs:209:5
   3: lower
             at ./wado-compiler/src/lower.rs:34:8
   4: compile_after_load<wado_cli::compiler_host::FilesystemCompilerHost>
             at ./wado-compiler/src/lib.rs:1523:9
   5: {async_fn#0}<wado_cli::compiler_host::FilesystemCompilerHost>
             at ./wado-compiler/src/lib.rs:792:18
   6: {async_fn#0}
             at ./wado-cli/src/compile.rs:632:10
   7: {async_fn#0}
             at ./wado-cli/src/compile.rs:538:10
   8: {async_fn#0}
             at ./wado-cli/src/compile.rs:1324:10
   9: {async_fn#0}
             at ./wado-cli/src/build.rs:456:40
  10: {async_fn#0}
             at ./wado-cli/src/build.rs:481:14
  11: {async_fn#0}
             at ./wado-cli/src/run.rs:400:14
  12: poll<alloc::boxed::Box<wado_cli::run::run::{async_fn_env#0}, alloc::alloc::Global>>
             at /rustc/8bab26f4f68e0e26f0bb7960be334d5b520ea452/library/core/src/future/future.rs:133:9
  13: {async_fn#0}
             at ./wado-cli/src/main.rs:251:56
  14: {async_fn#0}
             at ./wado-cli/src/main.rs:181:22
  15: {closure#0}<wado::async_main::{async_fn_env#0}>
             at /root/.cargo/registry/src/index.crates.io-1949cf8c6b5b557f/tokio-1.53.1/src/runtime/park.rs:284:71
  16: with_budget<core::task::poll::Poll<wado_cli::args::CliExit>, tokio::runtime::park::{impl#4}::block_on::{closure_env#0}<wado::async_main::{async_fn_env#0}>>
             at /root/.cargo/registry/src/index.crates.io-1949cf8c6b5b557f/tokio-1.53.1/src/task/coop/mod.rs:167:5
  17: budget<core::task::poll::Poll<wado_cli::args::CliExit>, tokio::runtime::park::{impl#4}::block_on::{closure_env#0}<wado::async_main::{async_fn_env#0}>>
             at /root/.cargo/registry/src/index.crates.io-1949cf8c6b5b557f/tokio-1.53.1/src/task/coop/mod.rs:133:5
  18: block_on<wado::async_main::{async_fn_env#0}>
             at /root/.cargo/registry/src/index.crates.io-1949cf8c6b5b557f/tokio-1.53.1/src/runtime/park.rs:284:31
  19: block_on<wado::async_main::{async_fn_env#0}>
             at /root/.cargo/registry/src/index.crates.io-1949cf8c6b5b557f/tokio-1.53.1/src/runtime/context/blocking.rs:66:14
  20: {closure#0}<wado::async_main::{async_fn_env#0}>
             at /root/.cargo/registry/src/index.crates.io-1949cf8c6b5b557f/tokio-1.53.1/src/runtime/scheduler/multi_thread/mod.rs:92:22
  21: tokio::runtime::context::runtime::enter_runtime::<<tokio::runtime::scheduler::multi_thread::MultiThread>::block_on<wado::async_main::{closure#0}>::{closure#0}, wado_cli::args::CliExit>
             at /root/.cargo/registry/src/index.crates.io-1949cf8c6b5b557f/tokio-1.53.1/src/runtime/context/runtime.rs:65:16
  22: block_on<wado::async_main::{async_fn_env#0}>
             at /root/.cargo/registry/src/index.crates.io-1949cf8c6b5b557f/tokio-1.53.1/src/runtime/scheduler/multi_thread/mod.rs:91:9
  23: block_on_inner<wado::async_main::{async_fn_env#0}>
             at /root/.cargo/registry/src/index.crates.io-1949cf8c6b5b557f/tokio-1.53.1/src/runtime/runtime.rs:376:50
  24: block_on<wado::async_main::{async_fn_env#0}>
             at /root/.cargo/registry/src/index.crates.io-1949cf8c6b5b557f/tokio-1.53.1/src/runtime/runtime.rs:343:18
  25: wado::main
             at ./wado-cli/src/main.rs:176:27
  26: <fn() as core::ops::function::FnOnce<()>>::call_once
             at /rustc/8bab26f4f68e0e26f0bb7960be334d5b520ea452/library/core/src/ops/function.rs:250:5
note: Some details are omitted, run with `RUST_BACKTRACE=full` for a verbose backtrace.
```
```
command=`cd "/home/user/wado" && "/home/user/wado/target/debug/wado" "run" "package-gale/src/main.wado" "gen" "package-gale/tests/grammars/calculator.g4"`
code=101
stdout=""
stderr=```

thread \'main\' (30356) panicked at wado-compiler/src/lower/translate.rs:209:5:
a call minted an extern stub for a name the package defines: [
    \"Free(FreeFunctionName { module_source: Core { name: InternedStr(\\\"prelude/types.wado\\\") }, name: \\\"[char,char]^core:prelude/traits.wado/InspectAlt::inspect_alt\\\", base_name: None }) vs defined Free(FreeFunctionName { module_source: Core { name: InternedStr(\\\"prelude/tuple.wado\\\") }, name: \\\"[char,char]^core:prelude/traits.wado/InspectAlt::inspect_alt\\\", base_name: None })\",
    \"Free(FreeFunctionName { module_source: Core { name: InternedStr(\\\"prelude/types.wado\\\") }, name: \\\"[core:prelude/string.wado/String,core:prelude/string.wado/String]^core:prelude/traits.wado/InspectAlt::inspect_alt\\\", base_name: None }) vs defined Free(FreeFunctionName { module_source: Core { name: InternedStr(\\\"prelude/tuple.wado\\\") }, name: \\\"[core:prelude/string.wado/String,core:prelude/string.wado/String]^core:prelude/traits.wado/InspectAlt::inspect_alt\\\", base_name: None })\",
]
stack backtrace:
   0: __rustc::rust_begin_unwind
             at /rustc/8bab26f4f68e0e26f0bb7960be334d5b520ea452/library/std/src/panicking.rs:689:5
   1: core::panicking::panic_fmt
             at /rustc/8bab26f4f68e0e26f0bb7960be334d5b520ea452/library/core/src/panicking.rs:80:14
   2: translate
             at ./wado-compiler/src/lower/translate.rs:209:5
   3: lower
             at ./wado-compiler/src/lower.rs:34:8
   4: compile_after_load<wado_cli::compiler_host::FilesystemCompilerHost>
             at ./wado-compiler/src/lib.rs:1523:9
   5: {async_fn#0}<wado_cli::compiler_host::FilesystemCompilerHost>
             at ./wado-compiler/src/lib.rs:792:18
   6: {async_fn#0}
             at ./wado-cli/src/compile.rs:632:10
   7: {async_fn#0}
             at ./wado-cli/src/compile.rs:538:10
   8: {async_fn#0}
             at ./wado-cli/src/compile.rs:1324:10
   9: {async_fn#0}
             at ./wado-cli/src/build.rs:456:40
  10: {async_fn#0}
             at ./wado-cli/src/build.rs:481:14
  11: {async_fn#0}
             at ./wado-cli/src/run.rs:400:14
  12: poll<alloc::boxed::Box<wado_cli::run::run::{async_fn_env#0}, alloc::alloc::Global>>
             at /rustc/8bab26f4f68e0e26f0bb7960be334d5b520ea452/library/core/src/future/future.rs:133:9
  13: {async_fn#0}
             at ./wado-cli/src/main.rs:251:56
  14: {async_fn#0}
             at ./wado-cli/src/main.rs:181:22
  15: {closure#0}<wado::async_main::{async_fn_env#0}>
             at /root/.cargo/registry/src/index.crates.io-1949cf8c6b5b557f/tokio-1.53.1/src/runtime/park.rs:284:71
  16: with_budget<core::task::poll::Poll<wado_cli::args::CliExit>, tokio::runtime::park::{impl#4}::block_on::{closure_env#0}<wado::async_main::{async_fn_env#0}>>
             at /root/.cargo/registry/src/index.crates.io-1949cf8c6b5b557f/tokio-1.53.1/src/task/coop/mod.rs:167:5
  17: budget<core::task::poll::Poll<wado_cli::args::CliExit>, tokio::runtime::park::{impl#4}::block_on::{closure_env#0}<wado::async_main::{async_fn_env#0}>>
             at /root/.cargo/registry/src/index.crates.io-1949cf8c6b5b557f/tokio-1.53.1/src/task/coop/mod.rs:133:5
  18: block_on<wado::async_main::{async_fn_env#0}>
             at /root/.cargo/registry/src/index.crates.io-1949cf8c6b5b557f/tokio-1.53.1/src/runtime/park.rs:284:31
  19: block_on<wado::async_main::{async_fn_env#0}>
             at /root/.cargo/registry/src/index.crates.io-1949cf8c6b5b557f/tokio-1.53.1/src/runtime/context/blocking.rs:66:14
  20: {closure#0}<wado::async_main::{async_fn_env#0}>
             at /root/.cargo/registry/src/index.crates.io-1949cf8c6b5b557f/tokio-1.53.1/src/runtime/scheduler/multi_thread/mod.rs:92:22
  21: tokio::runtime::context::runtime::enter_runtime::<<tokio::runtime::scheduler::multi_thread::MultiThread>::block_on<wado::async_main::{closure#0}>::{closure#0}, wado_cli::args::CliExit>
             at /root/.cargo/registry/src/index.crates.io-1949cf8c6b5b557f/tokio-1.53.1/src/runtime/context/runtime.rs:65:16
  22: block_on<wado::async_main::{async_fn_env#0}>
             at /root/.cargo/registry/src/index.crates.io-1949cf8c6b5b557f/tokio-1.53.1/src/runtime/scheduler/multi_thread/mod.rs:91:9
  23: block_on_inner<wado::async_main::{async_fn_env#0}>
             at /root/.cargo/registry/src/index.crates.io-1949cf8c6b5b557f/tokio-1.53.1/src/runtime/runtime.rs:376:50
  24: block_on<wado::async_main::{async_fn_env#0}>
             at /root/.cargo/registry/src/index.crates.io-1949cf8c6b5b557f/tokio-1.53.1/src/runtime/runtime.rs:343:18
  25: wado::main
             at ./wado-cli/src/main.rs:176:27
  26: <fn() as core::ops::function::FnOnce<()>>::call_once
             at /rustc/8bab26f4f68e0e26f0bb7960be334d5b520ea452/library/core/src/ops/function.rs:250:5
note: Some details are omitted, run with `RUST_BACKTRACE=full` for a verbose backtrace.
```


stack backtrace:
   0: __rustc::rust_begin_unwind
             at /rustc/8bab26f4f68e0e26f0bb7960be334d5b520ea452/library/std/src/panicking.rs:689:5
   1: core::panicking::panic_fmt
             at /rustc/8bab26f4f68e0e26f0bb7960be334d5b520ea452/library/core/src/panicking.rs:80:14
   2: <assert_cmd::assert::AssertError>::panic::<assert_cmd::assert::Assert>
             at /rustc/8bab26f4f68e0e26f0bb7960be334d5b520ea452/library/core/src/panicking.rs:259:5
   3: <assert_cmd::assert::Assert>::success
             at /root/.cargo/registry/src/index.crates.io-1949cf8c6b5b557f/assert_cmd-2.2.2/src/assert.rs:165:25
   4: integration::gale_cli::gale_gen_calculator_emits_generated_parser
             at ./tests/integration/gale_cli.rs:23:10
   5: integration::gale_cli::gale_gen_calculator_emits_generated_parser::{closure#0}
             at ./tests/integration/gale_cli.rs:14:48
   6: <integration::gale_cli::gale_gen_calculator_emits_generated_parser::{closure#0} as core::ops::function::FnOnce<()>>::call_once
             at /rustc/8bab26f4f68e0e26f0bb7960be334d5b520ea452/library/core/src/ops/function.rs:250:5
   7: <fn() -> core::result::Result<(), alloc::string::String> as core::ops::function::FnOnce<()>>::call_once
             at /rustc/8bab26f4f68e0e26f0bb7960be334d5b520ea452/library/core/src/ops/function.rs:250:5
note: Some details are omitted, run with `RUST_BACKTRACE=full` for a verbose backtrace.


failures:
    gale_cli::gale_gen_calculator_emits_generated_parser
    gale_cli::gale_gen_highlight_emits_highlight_function

test result: FAILED. 0 passed; 2 failed; 0 ignored; 0 measured; 312 filtered out; finished in 8.71s

error: test failed, to rerun pass `-p wado-cli --test integration`
