   Compiling wado-compiler v0.0.24 (/home/user/wado/wado-compiler)
   Compiling wado-lsp v0.0.24 (/home/user/wado/wado-lsp)
   Compiling wado-cli v0.0.24 (/home/user/wado/wado-cli)
   Compiling wado-playground v0.0.24 (/home/user/wado/wado-playground)
   Compiling wado-dev-tools v0.0.24 (/home/user/wado/wado-dev-tools)
    Finished `test` profile [unoptimized + debuginfo] target(s) in 6m 09s
     Running unittests src/lib.rs (target/debug/deps/wado_bundled_libm-e22db0141c1fac0c)

running 0 tests

test result: ok. 0 passed; 0 failed; 0 ignored; 0 measured; 0 filtered out; finished in 0.00s

     Running unittests src/lib.rs (target/debug/deps/wado_cli-f11c786d1a935818)

running 193 tests
test build_dep::tests::parse_spec_splits_version_and_submodule ... ok
test build_dep::tests::resolved_build_dep_locked_package_pins_integrity_and_world ... ok
test cache::tests::config_root_value_reads_the_root_string ... ok
test cache::tests::paths_hang_the_shared_layout_off_wado_root ... ok
test build_dep::tests::locked_generator_versions_reads_build_dependency_section ... ok
test clean::tests::finds_nested_worktree_dirs_and_skips_git ... ok
test compile::embed_policy_tests::no_embed_wit_opts_out_everywhere ... ok
test compile::embed_policy_tests::default_on_except_os ... ok
test compile::embed_policy_tests::explicit_embed_wit_forces_on_even_under_os ... ok
test compile::kiln_dir_module_tests::entry_backref_folds_to_single_identity ... ok
test compile::kiln_dir_module_tests::diamond_import_yields_single_canonical_identity ... ok
test compile::kiln_dir_module_tests::escape_diamond_canonicalizes_to_one_loader_identity ... ok
test compile::kiln_dir_module_tests::remap_index_decl_files_allows_duplicate_identical_target ... ok
test compile::kiln_dir_module_tests::package_generator_entry_reads_world_entry ... ok
test compile::kiln_dir_module_tests::remap_index_decl_files_swaps_to_loader_identity ... ok
test compile::kiln_dir_module_tests::remap_index_decl_files_reports_conflict_on_identity_collision ... ok
test compile::kiln_dir_module_tests::rewrite_local_dir_modules_leaves_files_and_unresolvable_dirs ... ok
test compile::kiln_dir_module_tests::transitive_import_harvests_kiln_clause_and_maps_loader_identity ... ok
test compile::world_segment_tests::sanitizes_and_drops_version ... ok
test dep_component::tests::bare_coordinate_is_manifest_resolved ... ok
test dep_component::tests::classifies_coordinate_and_alias ... ok
test dep_component::tests::lib_alias_needs_a_package ... ok
test dep_component::tests::inline_and_manifest_entry_are_exclusive ... ok
test compile::kiln_dir_module_tests::rewrite_local_dir_modules_resolves_directory_to_entry_file ... ok
test dep_component::tests::lib_alias_resolves_to_its_package ... ok
test dep_component::tests::pins_version_from_with_clause ... ok
test dep_component::tests::open_coordinate_rejects_package_aliasing ... ok
test dep_component::tests::pins_version_from_specifier ... ok
test dep_component::tests::rejects_double_version ... ok
test dep_component::tests::rejects_range_version ... ok
test dep_component::tests::requires_a_version ... ok
test dep_component::tests::registry_falls_back_to_manifest_default ... ok
test dep_component::tests::requires_a_registry ... ok
test dep_component::tests::skips_bundled_and_relative_specifiers ... ok
test discover::tests::dir_globstar_excludes_subpackage_root_too ... ok
test discover::tests::applies_manifest_excludes ... ok
test discover::tests::dir_globstar_pattern_excludes_the_directory_itself ... ok
test discover::tests::discovers_wado_files_recursively ... ok
test discover::tests::excluded_subpackage_not_recorded_even_with_includes ... ok
test discover::tests::empty_include_keeps_exclude_pruning_behaviour ... ok
test discover::tests::double_star_matches_at_any_depth ... ok
test discover::tests::gitmodules_parser_requires_word_boundary_after_path_key ... ok
test discover::tests::follows_symlinks_with_cycle_detection ... ok
test discover::tests::honours_gitignore_at_root ... ok
test discover::tests::invalid_include_pattern_says_include ... ok
test discover::tests::rejects_invalid_exclude_pattern ... ok
test discover::tests::honours_nested_gitignore_with_negation ... ok
test discover::tests::skips_dot_prefixed ... ok
test discover::tests::include_carves_out_excluded_subtree ... ok
test discover::tests::skips_nested_wado_toml_packages_and_records_them ... ok
test discover::tests::skips_submodule_directories ... ok
test discover::tests::unanchored_gitignore_pattern_matches_anywhere ... ok
test discover::tests::star_matches_within_one_path_component ... ok
test cache::tests::write_atomic_is_concurrency_safe_for_the_same_path ... ok
test doc::format_contract_tests::a_type_parameter_renders_its_default ... ok
test doc::format_contract_tests::multiple_synopses_render_in_source_order ... ok
test doc::format_contract_tests::ordinary_test_produces_no_synopsis_section ... ok
test doc::format_contract_tests::markdown_output_is_dprint_stable ... ok
test doc::format_contract_tests::combined_markdown_output_is_dprint_stable ... ok
test doc::format_contract_tests::simple_output_is_dprint_stable ... ok
test doc::format_contract_tests::single_synopsis_renders_a_section ... ok
test doc::tests::fence_blank_line_is_preserved ... ok
test doc::tests::fence_close_with_info_string_is_not_a_close ... ok
test doc::tests::fenced_block_preserves_attribute_lines_as_content ... ok
test doc::tests::fenced_block_preserves_indentation_and_alignment ... ok
test doc::tests::longer_closing_fence_is_accepted ... ok
test doc::tests::outside_fence_heading_still_inserts_blank ... ok
test doc::tests::shorter_closing_fence_does_not_close ... ok
test doc::tests::tilde_fenced_block_is_recognized ... ok
test fetch::tests::ignores_non_registry_id ... ok
test doc::format_contract_tests::synopsis_with_expect_trap_and_todo_still_renders ... ok
test fetch::tests::splits_a_registry_id ... ok
test doc::format_contract_tests::synopsis_output_is_dprint_stable ... ok
test fetch::tests::splits_a_registry_id_with_prefix ... ok
test http_hooks::tests::client_config_offers_h2_before_http11 ... ok
test http_hooks::tests::only_negotiated_h2_selects_http2 ... ok
test http_hooks::tests::origin_form_drops_scheme_and_authority ... ok
test http_hooks::tests::origin_form_of_empty_path_is_root ... ok
test init::tests::generate_manifest_minimal ... ok
test init::tests::generate_manifest_with_namespace ... ok
test init::tests::parse_args_requires_name ... ok
test init::tests::parse_args_with_name ... ok
test init::tests::parse_args_with_namespace ... ok
test kiln_driver::tests::cache_tests::build_metadata_round_trips_paths_and_hashes ... ok
test kiln_driver::tests::cache_tests::cache_matches_hits_when_everything_lines_up ... ok
test kiln_driver::tests::cache_tests::cache_matches_misses_when_output_deleted ... ok
test kiln_driver::tests::cache_tests::cache_matches_misses_when_primary_changed ... ok
test kiln_driver::tests::cache_tests::cache_matches_returns_hit_but_modified_when_output_edited_in_place ... ok
test kiln_driver::tests::cache_tests::reconcile_outputs_deletes_orphaned_generated_files ... ok
test kiln_driver::tests::cache_tests::reconcile_outputs_descends_into_subdirs ... ok
test kiln_driver::tests::cache_tests::reconcile_outputs_missing_dir_is_empty ... ok
test kiln_driver::tests::cache_tests::reconcile_outputs_spares_a_concurrent_writers_staging_temp ... ok
test kiln_driver::tests::execute_tests::escaping_output_path_rejected ... ok
test kiln_driver::tests::execute_tests::execute_surfaces_runner_unsupported_verbatim ... ok
test kiln_driver::tests::execute_tests::missing_primary_surfaces_load_input_error ... ok
test kiln_driver::tests::execute_tests::options_are_forwarded_to_request ... ok
test kiln_driver::tests::execute_tests::respects_generator_provided_header ... ok
test kiln_driver::tests::execute_tests::writes_outputs_with_header_and_reports_hashes ... ok
test kiln_metadata::tests::metadata_path_handles_bare_primary_filename ... ok
test kiln_metadata::tests::metadata_path_uses_primary_basename_in_output_dir ... ok
test kiln_metadata::tests::missing_file_is_cache_miss ... ok
test kiln_metadata::tests::parse_error_propagates ... ok
test kiln_metadata::tests::roundtrip_save_load ... ok
test kiln_metadata::tests::version_mismatch_is_cache_miss ... ok
test kiln_provider::tests::directory_module_reaching_provider_surfaces_internal ... ok
test doc::format_contract_tests::all_view_includes_private_members ... ok
test kiln_provider::tests::missing_local_path_surfaces_internal ... ok
test kiln_provider::tests::normalize_path_keeps_a_parent_chain_it_cannot_pop ... ok
test kiln_provider::tests::recorded_sources_round_trip_from_a_relative_base ... ok
test git::tests::fetches_manifest_and_materializes_a_worktree ... ok
test kiln_provider::tests::spec_module_without_build_dependency_surfaces_unsupported ... ok
test kiln_runtime::tests::malformed_component_is_host_error ... ok
test kiln_runtime::tests::sha256_known_vector_abc ... ok
test kiln_runtime::tests::sha256_known_vector_empty ... ok
test git::tests::lists_semver_tags_and_resolves_refs ... ok
test kiln_provider::tests::local_path_compiles_and_caches_resolved_generator ... ok
test kiln_wit::tests::follows_a_top_level_type_alias_to_its_record ... ok
test kiln_wit::tests::maps_list_field_to_list_type ... ok
test kiln_wit::tests::maps_scalar_option_enum_and_record_fields ... ok
test kiln_wit::tests::preserves_narrow_integer_widths ... ok
test kiln_wit::tests::rejects_unrepresentable_field_type ... ok
test manifest::tests::discover_in_current_dir ... ok
test manifest::tests::discover_in_parent_dir ... ok
test manifest::tests::discover_returns_error_on_invalid_toml ... ok
test manifest::tests::discover_returns_none_when_missing ... ok
test manifest::tests::governing_workspace_root_dir_identifies_root_for_member ... ok
test manifest::tests::governing_workspace_root_dir_none_for_standalone ... ok
test manifest::tests::lib_fq_rejects_reserved_root_package_name_any_case ... ok
test manifest::tests::lib_world_fq_from_package ... ok
test manifest::tests::lib_world_fq_requires_namespace ... ok
test manifest::tests::license_file_base_dir_inherited_uses_workspace_root ... ok
test manifest::tests::license_file_base_dir_member_own_license_file_uses_member ... ok
test manifest::tests::license_file_base_dir_standalone_uses_package_root ... ok
test manifest::tests::member_inherits_workspace_metadata_via_discovery ... ok
test manifest::tests::non_member_directory_does_not_inherit ... ok
test manifest::tests::resolve_entry_point_command ... ok
test manifest::tests::resolve_entry_point_missing_field ... ok
test manifest::tests::resolve_input_directory_arg_command ... ok
test manifest::tests::resolve_input_directory_arg_missing_entry_point ... ok
test manifest::tests::resolve_input_directory_arg_without_manifest ... ok
test manifest::tests::resolve_input_file_path_passthrough ... ok
test manifest::tests::resolve_lib_input_rejects_single_file ... ok
test manifest::tests::resolve_lib_input_requires_lib_field ... ok
test manifest::tests::resolve_lib_input_resolves_entry_and_world ... ok
test manifest::tests::workspace_member_dirs_expands_globs ... ok
test manifest::tests::workspace_root_that_is_also_a_package_parses_standalone ... ok
test metadata_embed::tests::embeds_each_section_with_utf8_payload ... ok
test metadata_embed::tests::empty_sections_leave_component_unchanged ... ok
test oci::tests::reference_includes_registry_prefix ... ok
test oci::tests::reference_maps_coordinate_to_repository ... ok
test oci::tests::reference_rejects_bare_coordinate ... ok
test oci::tests::reference_rejects_non_oci_url ... ok
test publish::tests::classify_failed_when_metadata_missing ... ok
test publish::tests::classify_not_a_package_for_workspace_only_manifest ... ok
test publish::tests::classify_ready_package ... ok
test publish::tests::classify_skips_publish_false_and_no_namespace ... ok
test publish::tests::parse_args_accepts_dry_run ... ok
test publish::tests::parse_args_defaults_to_no_dry_run ... ok
test publish::tests::parse_args_rejects_unknown_flag ... ok
test publish::tests::resolve_push_target_errors_without_default_registry ... ok
test publish::tests::resolve_push_target_library_uses_bare_repository ... ok
test publish::tests::resolve_push_target_rejects_build_metadata_version ... ok
test publish::tests::resolve_push_target_rejects_non_oci_registry ... ok
test publish::tests::resolve_push_target_rejects_uppercase_coordinate ... ok
test publish::tests::resolve_push_target_rejects_uppercase_world_segment ... ok
test publish::tests::resolve_push_target_trims_trailing_slash ... ok
test publish::tests::resolve_push_target_world_appends_subpath ... ok
test publish::tests::run_wkg_push_missing_binary_reports_install_hint ... ok
test publish::tests::usage_documents_authentication ... ok
test registry::tests::non_oci_registry_url_is_rejected ... ok
test registry::tests::parses_semver_tags_and_ignores_others ... ok
test registry::tests::path_dep_resolves_to_empty_lock ... ok
test registry::tests::path_dep_that_is_a_workspace_member_inherits_version ... ok
test rss::tests::falls_back_to_current_when_peak_field_absent ... ok
test rss::tests::field_key_match_is_exact_including_colon ... ok
test rss::tests::parses_current_and_peak_rss ... ok
test rss::tests::returns_none_without_a_current_field ... ok
test rss::tests::rounds_mib_to_nearest_rather_than_truncating_down ... ok
test syntax::tests::test_generate_language_configuration_schema ... ok
test syntax::tests::test_generate_textmate_grammar_schema ... ok
test test::tests::malformed_timeout_segment_is_kept_as_name ... ok
test test::tests::package_root_invocation_applies_manifest_exclude ... ok
test test::tests::parses_display_name ... ok
test test::tests::parses_kind ... ok
test test::tests::parses_timeout ... ok
test test::tests::path_under_respects_segment_boundary ... ok
test test::tests::rejects_non_test_exports ... ok
test test::tests::subdir_invocation_honours_enclosing_manifest_exclude ... ok
test test::tests::subdir_invocation_honours_enclosing_manifest_include ... ok
test test::tests::trailing_dash_falls_back_to_index_form ... ok
test kiln_runtime::tests::typed_options_generator_round_trips ... ok
test kiln_runtime::tests::typed_options_round_trip_covers_kebab_and_float_widths ... ok
test kiln_provider::tests::resolve_after_source_edit_recompiles ... ok

test result: ok. 193 passed; 0 failed; 0 ignored; 0 measured; 0 filtered out; finished in 1.73s

     Running unittests src/main.rs (target/debug/deps/wado-49390eea8d784970)

running 0 tests

test result: ok. 0 passed; 0 failed; 0 ignored; 0 measured; 0 filtered out; finished in 0.00s

     Running tests/integration/main.rs (target/debug/deps/integration-d1a40cf28f04e185)

running 314 tests
test cli::test_build_lib_embeds_component_type_without_interface_collision ... ok
test cli::test_build_embeds_package_metadata ... ok
test cli::test_build_default_output_to_build_dir ... ok
test cli::test_build_all_declared_worlds ... ok
test cli::test_build_no_embed_metadata_opts_out ... ok
test cli::test_build_os_embed_metadata_forces_on ... ok
test cli::test_build_os_skips_metadata ... ok
test cli::test_check_world_default_requires_run ... ok
test cli::test_build_world_selector_builds_one ... ok
test cli::test_check_world_test_accepts_test_only_module ... ok
test cli::test_compile_file_arg_does_not_embed_metadata ... ok
test cli::test_compile_project_under_path_with_space ... ok
test cli::test_compile_world_default_requires_run ... ok
test cli::test_help ... ok
test cli::test_help_summarizes_check_as_verifying_a_source_file ... ok
test cli::test_compile_wat_to_stdout ... ok
test cli::test_compile_world_test_exports_tests ... ok
test cli::test_lib_duplicate_export_name_rejected ... ok
test cli::test_lib_duplicate_type_name_rejected ... ok
test cli::test_lsp_help_does_not_start_the_server ... ok
test cli::test_no_args_shows_usage ... ok
test cli::test_lib_without_exports_is_rejected ... ok
test cli::test_lib_with_only_public_types_is_accepted ... ok
test cli::test_publish_dry_run_builds_without_pushing ... ok
test cli::test_publish_dry_run_catches_unpublishable_component ... ok
test cli::test_lib_facade_submodule_export_with_nested_records ... ok
test cli::test_run_hello ... ok
test cli::test_test_filter_drops_non_matching_path ... ok
test cli::test_run_propagates_a_guest_exit_code ... ok
test cli::test_test_compile_failure_reported_on_compile_axis ... ok
test cli::test_test_failing ... ok
test cli::test_test_filter_repeatable_keeps_union_of_matches ... ok
test cli::test_test_filter_keeps_matching_path ... ok
test cli::test_test_heartbeat_is_default_and_reports_failure_immediately ... ok
test cli::test_test_heartbeat_reports_skip_for_files_without_test_blocks ... ok
test cli::test_test_heartbeat_recaps_compile_failures_at_end ... ok
test cli::test_test_heartbeat_discards_output_from_passing_tests ... ok
test cli::test_test_no_run_surfaces_todo_compile_errors ... ok
test cli::test_test_no_run_skips_phase_two ... ok
test cli::test_test_heartbeat_shows_captured_stderr_on_failure ... ok
test cli::test_test_parallel_long_option ... ok
test cli::test_test_parallel_option ... ok
test cli::test_test_passing ... ok
test cli::test_test_tap_format_produces_a_tap14_document ... ok
test cli::test_unknown_command ... ok
test cli::test_version ... ok
test cli::test_wit_lib_conflicts_with_world ... ok
test cli::test_test_tap_recaps_compile_failures_at_end ... ok
test cli_parse::build_embed_metadata_flags_mutually_exclusive ... ok
test cli_parse::build_lib_and_world_mutually_exclusive ... ok
test cli_parse::check_world ... ok
test cli_parse::check_world_defaults_to_none ... ok
test cli_parse::compile_all_options ... ok
test cli_parse::compile_basic ... ok
test cli_parse::compile_format_wasm ... ok
test cli_parse::compile_format_wat ... ok
test cli_parse::compile_help ... ok
test cli_parse::compile_invalid_format ... ok
test cli_parse::compile_invalid_log_level ... ok
test cli_parse::compile_invalid_opt_level ... ok
test cli_parse::compile_log_level ... ok
test cli_parse::compile_multiple_inputs ... ok
test cli_parse::compile_no_validate ... ok
test cli_parse::compile_opt_levels ... ok
test cli_parse::compile_rejects_directory ... ok
test cli_parse::compile_requires_a_file ... ok
test cli_parse::compile_unknown_option ... ok
test cli_parse::compile_wat_to_stdout ... ok
test cli_parse::compile_with_output ... ok
test cli_parse::compile_world ... ok
test cli_parse::dump_basic ... ok
test cli_parse::dump_help ... ok
test cli_parse::dump_modules ... ok
test cli_parse::dump_nir ... ok
test cli_parse::dump_nir_lowered ... ok
test cli_parse::dump_no_input ... ok
test cli_parse::dump_opt_level ... ok
test cli_parse::dump_single_phase ... ok
test cli_parse::dump_symbols ... ok
test cli_parse::dump_tir_resolved ... ok
test cli_parse::dump_tokens ... ok
test cli_parse::dump_wir ... ok
test cli_parse::dump_world ... ok
test cli_parse::dump_world_defaults_to_none ... ok
test cli_parse::format_basic ... ok
test cli_parse::format_check ... ok
test cli_parse::format_help ... ok
test cli_parse::format_multiple_files_with_write ... ok
test cli_parse::format_multiple_files_without_write ... ok
test cli_parse::format_no_input ... ok
test cli_parse::format_opts_help_output ... ok
test cli_parse::format_write ... ok
test cli_parse::lsp_help ... ok
test cli_parse::lsp_no_args ... ok
test cli_parse::lsp_short_help ... ok
test cli_parse::lsp_unknown_option ... ok
test cli_parse::match_opt_long ... ok
test cli_parse::match_opt_short ... ok
test cli_parse::opt_level_maps_to_wasmtime_cranelift ... ok
test cli_parse::parse_log_level_valid ... ok
test cli_parse::run_allocator ... ok
test cli_parse::run_basic ... ok
test cli_parse::run_help ... ok
test cli_parse::run_log_level ... ok
test cli_parse::run_no_dir ... ok
test cli_parse::run_no_input ... ok
test cli_parse::run_opt_level ... ok
test cli_parse::run_profile_guest ... ok
test cli_parse::run_profile_invalid ... ok
test cli_parse::run_program_args ... ok
test cli_parse::run_unknown_option ... ok
test cli_parse::run_with_dir ... ok
test cli_parse::serve_allocator ... ok
test cli_parse::serve_basic ... ok
test cli_parse::serve_custom_addr ... ok
test cli_parse::serve_dir ... ok
test cli_parse::serve_help ... ok
test cli_parse::serve_help_explains_http_versions ... ok
test cli_parse::serve_log_level ... ok
test cli_parse::serve_no_dir_default ... ok
test cli_parse::serve_no_input ... ok
test cli_parse::serve_opt_level ... ok
test cli_parse::serve_rejects_max_concurrency_above_u32 ... ok
test cli_parse::serve_rejects_no_dir ... ok
test cli_parse::serve_rejects_workers_above_max_concurrency ... ok
test cli_parse::serve_rejects_workers_above_u32 ... ok
test cli_parse::serve_workers_and_max_concurrency ... ok
test cli_parse::syntax_default ... ok
test cli_parse::syntax_help ... ok
test cli_parse::syntax_unexpected_positional ... ok
test cli_parse::syntax_with_format ... ok
test cli_parse::syntax_with_output ... ok
test cli_parse::test_allocator ... ok
test cli_parse::test_defaults_to_o0 ... ok
test cli_parse::test_help ... ok
test cli_parse::test_inline_threshold_and_iterations ... ok
test cli_parse::test_log_level ... ok
test cli_parse::test_no_run_defaults_to_false ... ok
test cli_parse::test_no_run_flag ... ok
test cli_parse::test_opt_level_override ... ok
test cli_parse::test_parallel_invalid ... ok
test cli_parse::test_parallel_non_numeric ... ok
test cli_parse::test_with_exclude_drops_matching_explicit_file ... ok
test cli_parse::test_with_exclude_keeps_non_matching_explicit_file ... ok
test cli_parse::test_with_files ... ok
test cli_parse::test_with_filter_keeps_matching_paths ... ok
test cli_parse::test_with_filter_no_match_exits_cleanly ... ok
test cli_parse::test_with_invalid_filter_pattern ... ok
test cli_parse::test_with_parallel ... ok
test cli::test_wit_lib_emits_root_world ... ok
test dependency_resolution::dependency_without_lib_reports_precise_error ... ok
test cli::test_test_tap_renders_captured_output_as_comments_or_yaml_fields ... ok
test dependency_resolution::dependency_internal_relative_import_resolves ... ok
test cli::test_test_verbose_shows_captured_stdout_inline ... ok
test dependency_resolution::two_aliases_for_one_package_share_type_identity ... ok
test dependency_resolution::path_dependency_resolves_via_bare_name_use ... ok
test dependency_resolution::same_alias_different_package_resolves_per_project ... ok
test dump_kiln::dump_wir_runs_kiln_pipeline ... ok
test dump_kiln::dump_modules_runs_kiln_pipeline ... ok
Cloning into '/tmp/.tmpjrGJdE/greet/vendor/sub'...
test git_dependency::git_dependency_materializes_submodules_by_default ... ok
test gale_cli::gale_gen_calculator_emits_generated_parser ... FAILED
test gale_cli::gale_gen_highlight_emits_highlight_function ... FAILED
test git_dependency::git_dependency_resolves_fetches_and_runs ... ok
test git_dependency::git_dependency_with_directory_selects_a_monorepo_subpackage ... ok
test git_dependency::inline_git_source_in_a_single_file_script ... ok
test kiln_compile::concurrent_resolves_build_the_generator_once ... ok
test kiln_compile::adapter_generator_compiles_like_raw_request_generator ... ok
test kiln_build_dep::generator_build_dependency_in_workspace_member_bare_relative_entry ... ok
test kiln_compile::first_run_compiles_second_run_hits_cache ... ok
test kiln_build_dep::generator_resolved_by_build_dependency_nickname ... ok
test kiln_compile::copies_of_one_generator_at_different_paths_build_identically ... ok
test kiln_compile::missing_local_path_surfaces_internal ... ok
test kiln_compile::docstring_only_edit_preserves_source_hash ... ok
test kiln_compile::no_options_generator_compiles_and_runs ... ok
test kiln_compile::fresh_recompile_produces_identical_source_hash ... ok
test kiln_compile::one_generator_has_one_identity_however_it_is_addressed ... ok
test kiln_compile::host_caches_compiled_component_across_run_generator_calls ... ok
test kiln_compile::spec_module_without_build_dependency_surfaces_unsupported ... ok
test kiln_compile::shared_kiln_cache_compiles_generator_once_across_hosts ... ok
test kiln_compile::shared_kiln_cache_compiles_generator_once_under_concurrency ... ok
  [kiln generator compile] my_generator.wado:13:4: warning: function `__touched` is never used
test kiln_compile::source_edit_invalidates_cache ... ok
test kiln_compile::transitive_dep_edit_invalidates_cache ... ok
test kiln_compile::transitive_edit_then_revert_restores_source_hash ... ok
test kiln_embed_wit::build_lib_embeds_component_type_for_generator_consumer ... ok
test kiln_multi_file::bare_relative_paths_are_rejected ... ok
test kiln_embed_wit::embed_wit_succeeds_for_generator_consumer ... ok
test kiln_embed_wit::wit_command_emits_for_generator_consumer ... ok
test kiln_pipeline::cache_miss_on_output_io_error_emits_warning ... ok
test kiln_pipeline::each_invocation_writes_its_own_metadata_file ... ok
test kiln_pipeline::end_to_end_input_change_invalidates_exactly_that_invocation ... ok
test kiln_pipeline::end_to_end_two_generators_execute_cache_and_reuse ... ok
test kiln_pipeline::inline_invocation_populates_invocation_index_for_redirect ... ok
test kiln_pipeline::pipeline_invocations_feed_compiler_options_for_use_redirect ... ok
test kiln_pipeline::shared_module_across_invocations_calls_provider_once ... ok
test lsp::lsp_content_type_header_is_accepted ... ok
test kiln_embed_wit::wit_lib_emits_for_generator_consumer ... ok
test lsp::lsp_definition_cross_file ... ok
test lsp::lsp_definition_returns_null_for_whitespace_position ... ok
test kiln_multi_file::explicit_output_dir_is_relative_to_declaring_file ... ok
test lsp::lsp_definition_same_file ... ok
test kiln_multi_file::sibling_consumers_resolve_their_own_schema ... ok
test lsp::lsp_diagnostics_on_did_open_valid ... ok
test lsp::lsp_diagnostics_on_did_open_invalid ... ok
test lsp::lsp_diagnostics_update_on_did_change ... ok
test lsp::lsp_did_change_empty_content_changes_is_noop ... ok
test lsp::lsp_did_open_on_empty_text_produces_no_errors ... ok
test lsp::lsp_did_close_clears_diagnostics ... ok
test lsp::lsp_dollar_notification_is_silently_ignored ... ok
test lsp::lsp_dollar_request_returns_method_not_found ... ok
test lsp::lsp_duplicate_initialize_returns_invalid_request ... ok
test lsp::lsp_did_change_full_sync_last_change_wins ... ok
test lsp::lsp_exit_after_shutdown_returns_zero ... ok
test lsp::lsp_exit_without_shutdown_returns_nonzero ... ok
test lsp::lsp_document_highlight_classifies_read_write ... ok
test lsp::lsp_initialize_advertises_all_providers ... ok
test lsp::lsp_initialize_returns_capabilities ... ok
test lsp::lsp_initialized_notification_is_accepted ... ok
test lsp::lsp_document_highlight_returns_empty_array_for_whitespace_position ... ok
test lsp::lsp_invalid_params_on_definition ... ok
test lsp::lsp_invalid_params_on_document_highlight ... ok
test lsp::lsp_invalid_params_on_references ... ok
test lsp::lsp_invalid_params_on_semantic_tokens ... ok
test lsp::lsp_invalid_params_returns_error ... ok
test lsp::lsp_hover_returns_null_for_whitespace_position ... ok
test lsp::lsp_malformed_json_returns_parse_error_and_keeps_server_alive ... ok
test lsp::lsp_missing_content_length_returns_parse_error ... ok
test lsp::lsp_notification_after_shutdown_is_silently_dropped ... ok
test lsp::lsp_notification_before_initialize_is_silently_dropped ... ok
test lsp::lsp_hover_function_signature ... ok
test lsp::lsp_inlay_hint_returns_type_and_parameter_hints ... ok
test lsp::lsp_multiple_sequential_requests_all_get_responses ... ok
test lsp::lsp_request_after_shutdown_returns_invalid_request ... ok
test lsp::lsp_request_before_initialize_returns_server_not_initialized ... ok
test lsp::lsp_request_with_string_id_is_echoed ... ok
test lsp::lsp_response_includes_jsonrpc_version_field ... ok
test lsp::lsp_references_includes_call_sites ... ok
test lsp::lsp_semantic_tokens_unopened_document_returns_empty ... ok
test lsp::lsp_shutdown_returns_null_result ... ok
test lsp::lsp_unknown_method_returns_error ... ok
test lsp::lsp_references_returns_empty_array_for_whitespace_position ... ok
test lsp::lsp_unknown_notification_is_silently_ignored ... ok
test lsp::lsp_workspace_text_document_content_rejects_unknown_uri ... ok
test lsp::lsp_workspace_text_document_content_returns_bundled_stdlib ... ok
test lsp::lsp_references_without_context_defaults_to_exclude_declaration ... ok
test lsp::lsp_semantic_tokens_full_returns_data_array ... ok
test lsp::query_definition_by_symbol_method ... ok
test lsp::query_by_symbol_unknown_member_lists_type_members ... ok
test lsp::query_definition_by_symbol_relative_module ... ok
test lsp::query_definition_by_symbol_unknown_symbol ... ok
test lsp::query_definition_requires_line_and_column ... ok
test lsp::query_definition_by_symbol_with_base ... ok
test lsp::query_definition_json_output ... ok
test lsp::query_degrades_when_generator_cannot_run ... ok
test lsp::query_definition_no_match_text ... ok
test lsp::query_definition_text_output ... ok
test lsp::query_definition_warns_on_compile_errors ... ok
test lsp::query_diagnostics_json_output ... ok
test lsp::query_diagnostics_invalid_file ... ok
test lsp::query_diagnostics_json_valid_file ... ok
test lsp::query_diagnostics_valid_file ... ok
test lsp::query_help ... ok
test lsp::query_document_highlight_by_symbol ... ok
test lsp::query_document_highlight_json_output ... ok
test lsp::query_document_highlight_text_output ... ok
test lsp::query_hover_by_symbol_function ... ok
test lsp::query_hover_by_symbol_method ... ok
test lsp::query_hover_by_symbol_unknown_lists_symbols ... ok
test lsp::query_missing_file ... ok
test lsp::query_missing_kind ... ok
test lsp::query_hover_position_based ... ok
test lsp::query_hover_type_all_view_shows_private ... ok
test lsp::query_hover_type_default_view_lists_public_api ... ok
test lsp::query_references_by_symbol ... ok
test lsp::query_references_by_symbol_include_declaration ... ok
test lsp::query_references_by_symbol_method_include_declaration ... ok
test lsp::query_references_by_symbol_spans_workspace ... ok
test lsp::query_references_requires_line_and_column ... ok
test lsp::query_references_include_declaration ... ok
test lsp::query_references_json_output ... ok
test lsp::query_references_by_symbol_tolerates_unanalyzable_sibling ... ok
test lsp::query_symbol_path_with_space_does_not_panic ... ok
test lsp::query_symbol_rejects_input_file ... ok
test lsp::query_references_text_output ... ok
test lsp::query_unknown_kind ... ok
test lsp::query_unknown_kind_lists_available_kinds ... ok
test manifest_integration::test_build_from_subdirectory ... ok
test manifest_integration::test_build_no_world_declared ... ok
test lsp::query_symbol_runs_generator_for_target_module ... ok
test lsp::query_runs_generator_without_prior_compile ... ok
test manifest_integration::test_compile_no_manifest_no_file ... ok
test manifest_integration::test_help_shows_init_command ... ok
test manifest_integration::test_init_creates_manifest ... ok
test manifest_integration::test_init_fails_when_manifest_exists ... ok
test manifest_integration::test_init_force_overwrites ... ok
test manifest_integration::test_init_help ... ok
test manifest_integration::test_init_requires_name ... ok
test manifest_integration::test_init_with_namespace ... ok
test manifest_integration::test_build_with_manifest ... ok
test manifest_integration::test_serve_manifest_missing_service ... ok
test manifest_integration::test_compile_file_arg_overrides_manifest ... ok
test run_inprocess::compile_helper_returns_silent_failure_on_missing_file ... ok
test manifest_integration::test_run_with_manifest ... ok
test lsp::query_resolves_kiln_generated_symbol_after_compile ... ok
test run_inprocess::compile_writes_wasm_output ... ok
test run_inprocess::compile_format_overrides_extension ... ok
test run_inprocess::compile_writes_wat_output ... ok
test run_inprocess::init_run_creates_manifest_in_cwd ... ok
test run_inprocess::init_run_force_overwrites ... ok
test run_inprocess::init_run_refuses_to_overwrite_without_force ... ok
test serve::responds_with_streamed_chunked_body ... ok
test serve::sigterm_triggers_graceful_shutdown ... ok
test run_inprocess::compile_succeeds_at_each_opt_level ... ok
test serve::non_draining_client_does_not_pin_worker_stack ... ok
test serve::timeout_returns_504_for_runaway_guest ... ok

failures:

---- gale_cli::gale_gen_calculator_emits_generated_parser stdout ----

thread 'gale_cli::gale_gen_calculator_emits_generated_parser' (24919) panicked at wado-cli/tests/integration/gale_cli.rs:23:10:
Unexpected failure.
code=1
stderr=``````
[00:00:01.0244] core:args:76:91: error: operator `==` cannot be applied to types `unknown` and `String`
[00:00:01.0245] core:args:78:12: error: type mismatch: expected \'unknown\', found \'i32\'
```
```
command=`cd "/home/user/wado" && "/home/user/wado/target/debug/wado" "run" "package-gale/src/main.wado" "gen" "package-gale/tests/grammars/calculator.g4"`
code=1
stdout=""
stderr=```
[00:00:01.0244] core:args:76:91: error: operator `==` cannot be applied to types `unknown` and `String`
[00:00:01.0245] core:args:78:12: error: type mismatch: expected \'unknown\', found \'i32\'
```


stack backtrace:
   0: __rustc::rust_begin_unwind
             at /rustc/8bab26f4f68e0e26f0bb7960be334d5b520ea452/library/std/src/panicking.rs:689:5
   1: core::panicking::panic_fmt
             at /rustc/8bab26f4f68e0e26f0bb7960be334d5b520ea452/library/core/src/panicking.rs:80:14
   2: <assert_cmd::assert::AssertError>::panic::<assert_cmd::assert::Assert>
             at /rustc/8bab26f4f68e0e26f0bb7960be334d5b520ea452/library/core/src/panicking.rs:259:5
   3: <assert_cmd::assert::Assert>::success
             at /root/.cargo/registry/src/index.crates.io-1949cf8c6b5b557f/assert_cmd-2.2.2/src/assert.rs:165:25
   4: integration::gale_cli::gale_gen_calculator_emits_generated_parser
             at ./tests/integration/gale_cli.rs:23:10
   5: integration::gale_cli::gale_gen_calculator_emits_generated_parser::{closure#0}
             at ./tests/integration/gale_cli.rs:14:48
   6: <integration::gale_cli::gale_gen_calculator_emits_generated_parser::{closure#0} as core::ops::function::FnOnce<()>>::call_once
             at /rustc/8bab26f4f68e0e26f0bb7960be334d5b520ea452/library/core/src/ops/function.rs:250:5
   7: <fn() -> core::result::Result<(), alloc::string::String> as core::ops::function::FnOnce<()>>::call_once
             at /rustc/8bab26f4f68e0e26f0bb7960be334d5b520ea452/library/core/src/ops/function.rs:250:5
note: Some details are omitted, run with `RUST_BACKTRACE=full` for a verbose backtrace.

---- gale_cli::gale_gen_highlight_emits_highlight_function stdout ----

thread 'gale_cli::gale_gen_highlight_emits_highlight_function' (24995) panicked at wado-cli/tests/integration/gale_cli.rs:43:10:
Unexpected failure.
code=1
stderr=``````
[00:00:01.0390] core:args:76:91: error: operator `==` cannot be applied to types `unknown` and `String`
[00:00:01.0391] core:args:78:12: error: type mismatch: expected \'unknown\', found \'i32\'
```
```
command=`cd "/home/user/wado" && "/home/user/wado/target/debug/wado" "run" "package-gale/src/main.wado" "gen" "package-gale/tests/grammars/calculator.g4" "package-gale/tests/grammars/calculator.highlights.scm"`
code=1
stdout=""
stderr=```
[00:00:01.0390] core:args:76:91: error: operator `==` cannot be applied to types `unknown` and `String`
[00:00:01.0391] core:args:78:12: error: type mismatch: expected \'unknown\', found \'i32\'
```


stack backtrace:
   0: __rustc::rust_begin_unwind
             at /rustc/8bab26f4f68e0e26f0bb7960be334d5b520ea452/library/std/src/panicking.rs:689:5
   1: core::panicking::panic_fmt
             at /rustc/8bab26f4f68e0e26f0bb7960be334d5b520ea452/library/core/src/panicking.rs:80:14
   2: <assert_cmd::assert::AssertError>::panic::<assert_cmd::assert::Assert>
             at /rustc/8bab26f4f68e0e26f0bb7960be334d5b520ea452/library/core/src/panicking.rs:259:5
   3: <assert_cmd::assert::Assert>::success
             at /root/.cargo/registry/src/index.crates.io-1949cf8c6b5b557f/assert_cmd-2.2.2/src/assert.rs:165:25
   4: integration::gale_cli::gale_gen_highlight_emits_highlight_function
             at ./tests/integration/gale_cli.rs:43:10
   5: integration::gale_cli::gale_gen_highlight_emits_highlight_function::{closure#0}
             at ./tests/integration/gale_cli.rs:31:49
   6: <integration::gale_cli::gale_gen_highlight_emits_highlight_function::{closure#0} as core::ops::function::FnOnce<()>>::call_once
             at /rustc/8bab26f4f68e0e26f0bb7960be334d5b520ea452/library/core/src/ops/function.rs:250:5
   7: <fn() -> core::result::Result<(), alloc::string::String> as core::ops::function::FnOnce<()>>::call_once
             at /rustc/8bab26f4f68e0e26f0bb7960be334d5b520ea452/library/core/src/ops/function.rs:250:5
note: Some details are omitted, run with `RUST_BACKTRACE=full` for a verbose backtrace.


failures:
    gale_cli::gale_gen_calculator_emits_generated_parser
    gale_cli::gale_gen_highlight_emits_highlight_function

test result: FAILED. 312 passed; 2 failed; 0 ignored; 0 measured; 0 filtered out; finished in 43.25s

error: test failed, to rerun pass `-p wado-cli --test integration`
